******************************************************************************
                  TI ARM Linker PC v20.2.7                     
******************************************************************************
>> Linked Mon Dec  4 01:02:07 2023

OUTPUT FILE NAME:   <Embedded II Final Project.out>
ENTRY POINT SYMBOL: "_c_int00_noargs"  address: 0000430d


MEMORY CONFIGURATION

         name            origin    length      used     unused   attr    fill
----------------------  --------  ---------  --------  --------  ----  --------
  FLASH                 00000000   00040000  00004678  0003b988  R  X
  SRAM                  20000000   00008000  00004380  00003c80  RW X


SEGMENT ALLOCATION MAP

run origin  load origin   length   init length attrs members
----------  ----------- ---------- ----------- ----- -------
00000000    00000000    00004678   00004678    r-x
  00000000    00000000    0000026c   0000026c    r-- .intvecs
  0000026c    0000026c    0000420c   0000420c    r-x .text
  00004478    00004478    000001a0   000001a0    r-- .const
  00004618    00004618    00000060   00000060    r-- .cinit
20000000    20000000    00004380   00000000    rw-
  20000000    20000000    00004000   00000000    rw- .stack
  20004000    20004000    00000248   00000000    rw- .bss
  20004248    20004248    00000138   00000000    rw- .data


SECTION ALLOCATION MAP

 output                                  attributes/
section   page    origin      length       input sections
--------  ----  ----------  ----------   ----------------
.intvecs   0    00000000    0000026c     
                  00000000    0000026c     tm4c123gh6pm_startup_ccs.obj (.intvecs)

.text      0    0000026c    0000420c     
                  0000026c    000011c0     main.obj (.text)
                  0000142c    00000a4e     rtsv7M4_T_le_v4SPD16_eabi.lib : _printfi.c.obj (.text:__TI_printfi)
                  00001e7a    00000002                                   : div0.asm.obj (.text)
                  00001e7c    00000808     gpio.obj (.text)
                  00002684    000003c4     i2c0.obj (.text)
                  00002a48    000002ec     rtsv7M4_T_le_v4SPD16_eabi.lib : s_atan.c.obj (.text:atan)
                  00002d34    00000270                                   : _printfi.c.obj (.text:_pconv_a)
                  00002fa4    000001e4                                   : e_atan2.c.obj (.text:atan2)
                  00003188    000001d0                                   : _printfi.c.obj (.text:_pconv_g)
                  00003358    000001b6                                   : fd_add_t2.asm.obj (.text)
                  0000350e    00000002     --HOLE-- [fill = 0]
                  00003510    0000013c                                   : _printfi.c.obj (.text:_pconv_e)
                  0000364c    00000136                                   : fd_div_t2.asm.obj (.text)
                  00003782    00000002     --HOLE-- [fill = 0]
                  00003784    00000128     uart0.obj (.text)
                  000038ac    00000124     rtsv7M4_T_le_v4SPD16_eabi.lib : _printfi.c.obj (.text:fcvt)
                  000039d0    00000110                                   : s_scalbn.c.obj (.text:scalbn)
                  00003ae0    000000fc                                   : fd_mul_t2.asm.obj (.text)
                  00003bdc    000000b1                                   : _printfi.c.obj (.text:_ltostr)
                  00003c8d    00000001     --HOLE-- [fill = 0]
                  00003c8e    0000009c                                   : memcpy_t2.asm.obj (.text)
                  00003d2a    00000096                                   : ull_div_t2.asm.obj (.text)
                  00003dc0    00000086                                   : fd_cmp_t2.asm.obj (.text:__aeabi_cdcmple)
                  00003e46    00000086                                   : fd_cmp_t2.asm.obj (.text:__aeabi_cdrcmple)
                  00003ecc    0000007a                                   : memset_t2.asm.obj (.text)
                  00003f46    0000006e                                   : _printfi.c.obj (.text:_mcpy)
                  00003fb4    00000068                                   : copy_decompress_lzss.c.obj (.text:decompress:lzss:__TI_decompress_lzss)
                  0000401c    00000064                                   : s_frexp.c.obj (.text:frexp)
                  00004080    00000056                                   : _printfi.c.obj (.text:_pconv_f)
                  000040d6    00000054                                   : _ltoa.c.obj (.text:__TI_ltoa)
                  0000412a    00000052                                   : _printfi.c.obj (.text:_ecpy)
                  0000417c    0000004c                                   : atoi.c.obj (.text:atoi)
                  000041c8    00000048                                   : fd_toi_t2.asm.obj (.text)
                  00004210    00000044                                   : autoinit.c.obj (.text:__TI_auto_init_nobinit_nopinit:__TI_auto_init_nobinit_nopinit)
                  00004254    00000040                                   : sprintf.c.obj (.text:sprintf)
                  00004294    0000003e                                   : _printfi.c.obj (.text:_fcpy)
                  000042d2    00000038                                   : fs_tod_t2.asm.obj (.text)
                  0000430a    00000002     --HOLE-- [fill = 0]
                  0000430c    00000034                                   : boot_cortex_m.c.obj (.text:_c_int00_noargs:_c_int00_noargs)
                  00004340    0000002e                                   : i_tofd_t2.asm.obj (.text)
                  0000436e    00000020     wait.obj (.text)
                  0000438e    0000001c     rtsv7M4_T_le_v4SPD16_eabi.lib : copy_zero_init.c.obj (.text:decompress:ZI:__TI_zero_init_nomemset:__TI_zero_init_nomemset)
                  000043aa    0000001c                                   : memccpy.c.obj (.text:memccpy)
                  000043c6    0000001a                                   : s_copysign.c.obj (.text:copysign)
                  000043e0    00000018                                   : sprintf.c.obj (.text:_outs)
                  000043f8    00000016                                   : strchr.c.obj (.text:strchr)
                  0000440e    00000014                                   : strlen.c.obj (.text:strlen)
                  00004422    00000012                                   : wcslen.c.obj (.text:wcslen)
                  00004434    00000010     clock.obj (.text)
                  00004444    0000000e     rtsv7M4_T_le_v4SPD16_eabi.lib : copy_decompress_none.c.obj (.text:decompress:none:__TI_decompress_none)
                  00004452    0000000c     tm4c123gh6pm_startup_ccs.obj (.text)
                  0000445e    0000000a     rtsv7M4_T_le_v4SPD16_eabi.lib : sprintf.c.obj (.text:_outc)
                  00004468    00000008                                   : errno.c.obj (.text:__aeabi_errno_addr)
                  00004470    00000004                                   : pre_init.c.obj (.text:_system_pre_init)
                  00004474    00000004                                   : exit.c.obj (.text:abort:abort)

.const     0    00004478    000001a0     
                  00004478    00000101     rtsv7M4_T_le_v4SPD16_eabi.lib : ctype.c.obj (.const:.string:_ctypes_)
                  00004579    00000007     --HOLE-- [fill = 0]
                  00004580    00000098                                   : s_atan.c.obj (.const:$O1$$)

.cinit     0    00004618    00000060     
                  00004618    00000039     (.cinit..data.load) [load image, compression = lzss]
                  00004651    00000003     --HOLE-- [fill = 0]
                  00004654    0000000c     (__TI_handler_table)
                  00004660    00000008     (.cinit..bss.load) [load image, compression = zero_init]
                  00004668    00000010     (__TI_cinit_table)

.init_array 
*          0    00000000    00000000     UNINITIALIZED

.bss       0    20004000    00000248     UNINITIALIZED
                  20004000    000000a0     (.common:time1Array)
                  200040a0    000000a0     (.common:time2Array)
                  20004140    00000090     (.common:array)
                  200041d0    00000064     (.common:line)
                  20004234    00000010     (.common:output)
                  20004244    00000004     (.common:error)

.data      0    20004248    00000138     UNINITIALIZED
                  20004248    00000134     main.obj (.data)
                  2000437c    00000004     rtsv7M4_T_le_v4SPD16_eabi.lib : errno.c.obj (.data)

.stack     0    20000000    00004000     UNINITIALIZED
                  20000000    00000004     rtsv7M4_T_le_v4SPD16_eabi.lib : boot_cortex_m.c.obj (.stack)
                  20000004    00003ffc     --HOLE--

__llvm_prf_cnts 
*          0    20000000    00000000     UNINITIALIZED

MODULE SUMMARY

       Module                         code    ro data   rw data
       ------                         ----    -------   -------
    .\
       main.obj                       4544    0         892    
       gpio.obj                       2056    0         0      
       i2c0.obj                       964     0         0      
       tm4c123gh6pm_startup_ccs.obj   12      620       0      
       uart0.obj                      296     0         0      
       wait.obj                       32      0         0      
       clock.obj                      16      0         0      
    +--+------------------------------+-------+---------+---------+
       Total:                         7920    620       892    
                                                               
    C:\ti\ccs1220\ccs\tools\compiler\ti-cgt-arm_20.2.7.LTS\lib\rtsv7M4_T_le_v4SPD16_eabi.lib
       _printfi.c.obj                 4851    0         0      
       s_atan.c.obj                   748     152       0      
       e_atan2.c.obj                  484     0         0      
       fd_add_t2.asm.obj              438     0         0      
       fd_div_t2.asm.obj              310     0         0      
       s_scalbn.c.obj                 272     0         0      
       fd_cmp_t2.asm.obj              268     0         0      
       ctype.c.obj                    0       257       0      
       fd_mul_t2.asm.obj              252     0         0      
       memcpy_t2.asm.obj              156     0         0      
       ull_div_t2.asm.obj             150     0         0      
       memset_t2.asm.obj              122     0         0      
       copy_decompress_lzss.c.obj     104     0         0      
       s_frexp.c.obj                  100     0         0      
       sprintf.c.obj                  98      0         0      
       _ltoa.c.obj                    84      0         0      
       atoi.c.obj                     76      0         0      
       fd_toi_t2.asm.obj              72      0         0      
       autoinit.c.obj                 68      0         0      
       fs_tod_t2.asm.obj              56      0         0      
       boot_cortex_m.c.obj            52      0         0      
       i_tofd_t2.asm.obj              46      0         0      
       copy_zero_init.c.obj           28      0         0      
       memccpy.c.obj                  28      0         0      
       s_copysign.c.obj               26      0         0      
       strchr.c.obj                   22      0         0      
       strlen.c.obj                   20      0         0      
       wcslen.c.obj                   18      0         0      
       copy_decompress_none.c.obj     14      0         0      
       errno.c.obj                    8       0         4      
       exit.c.obj                     4       0         0      
       pre_init.c.obj                 4       0         0      
       div0.asm.obj                   2       0         0      
    +--+------------------------------+-------+---------+---------+
       Total:                         8981    409       4      
                                                               
       Stack:                         0       0         16384  
       Linker Generated:              0       93        0      
    +--+------------------------------+-------+---------+---------+
       Grand Total:                   16901   1122      17280  


LINKER GENERATED COPY TABLES

__TI_cinit_table @ 00004668 records: 2, size/record: 8, table size: 16
	.data: load addr=00004618, load size=00000039 bytes, run addr=20004248, run size=00000138 bytes, compression=lzss
	.bss: load addr=00004660, load size=00000008 bytes, run addr=20004000, run size=00000248 bytes, compression=zero_init


LINKER GENERATED HANDLER TABLE

__TI_handler_table @ 00004654 records: 3, size/record: 4, table size: 12
	index: 0, handler: __TI_decompress_lzss
	index: 1, handler: __TI_decompress_none
	index: 2, handler: __TI_zero_init


GLOBAL SYMBOLS: SORTED ALPHABETICALLY BY Name 

address   name                          
-------   ----                          
00004475  C$$EXIT                       
00004453  ResetISR                      
20004278  T1_avg                        
20004270  T1_avg_bits                   
2000427c  T2_avg                        
20004274  T2_avg_bits                   
20004000  __STACK_END                   
00004000  __STACK_SIZE                  
20000200  __STACK_TOP                   
00004668  __TI_CINIT_Base               
00004678  __TI_CINIT_Limit              
00004654  __TI_Handler_Table_Base       
00004660  __TI_Handler_Table_Limit      
00004211  __TI_auto_init_nobinit_nopinit
00003fb5  __TI_decompress_lzss          
00004445  __TI_decompress_none          
000040d7  __TI_ltoa                     
ffffffff  __TI_pprof_out_hndl           
0000142d  __TI_printfi                  
ffffffff  __TI_prof_data_size           
ffffffff  __TI_prof_data_start          
00000000  __TI_static_base__            
0000438f  __TI_zero_init_nomemset       
00003dc1  __aeabi_cdcmpeq               
00003dc1  __aeabi_cdcmple               
00003e47  __aeabi_cdrcmple              
000041c9  __aeabi_d2iz                  
00003363  __aeabi_dadd                  
0000364d  __aeabi_ddiv                  
00003ae1  __aeabi_dmul                  
00003359  __aeabi_dsub                  
00004469  __aeabi_errno_addr            
000042d3  __aeabi_f2d                   
00004341  __aeabi_i2d                   
00001e7b  __aeabi_idiv0                 
00001e7b  __aeabi_ldiv0                 
00003ecd  __aeabi_memclr                
00003ecd  __aeabi_memclr4               
00003ecd  __aeabi_memclr8               
00003c8f  __aeabi_memcpy                
00003c8f  __aeabi_memcpy4               
00003c8f  __aeabi_memcpy8               
00003ecf  __aeabi_memset                
00003ecf  __aeabi_memset4               
00003ecf  __aeabi_memset8               
00003d2b  __aeabi_uldivmod              
ffffffff  __binit__                     
ffffffff  __c_args__                    
UNDEFED   __mpu_init                    
20000000  __stack                       
20000000  __start___llvm_prf_cnts       
20000000  __stop___llvm_prf_cnts        
0000430d  _c_int00_noargs               
00004478  _ctypes_                      
UNDEFED   _system_post_cinit            
00004471  _system_pre_init              
00004475  abort                         
200042b8  accel_x                       
200042c4  accel_x_float                 
200042ba  accel_y                       
200042c8  accel_y_float                 
200042bc  accel_z                       
200042cc  accel_z_float                 
20004350  angle_pitch                   
20004358  angle_roll                    
20004140  array                         
00002a49  atan                          
00002fa5  atan2                         
00002fa5  atan2l                        
00002a49  atanl                         
0000417d  atoi                          
200042f8  avgBiasX                      
20004300  avgBiasY                      
20004308  avgBiasZ                      
ffffffff  binit                         
000007dd  calibrateGyro                 
000024d1  clearPinInterrupt             
20004298  coeffK                        
20004290  coeffKi                       
20004294  coeffKo                       
2000428c  coeffKp                       
20004340  confidence                    
20004348  confidence2                   
000043c7  copysign                      
000043c7  copysignl                     
20004310  correctedX                    
20004318  correctedY                    
20004320  correctedZ                    
20004248  count                         
200042ac  deadBand                      
200042b0  deadBand2                     
000024ad  disablePinInterrupt           
000021e5  disablePinPulldown            
0000219d  disablePinPullup              
00001f39  disablePort                   
00002489  enablePinInterrupt            
000021c1  enablePinPulldown             
0000216f  enablePinPullup               
00001e7d  enablePort                    
000002bd  enableTimers                  
2000437c  errno                         
20004244  error                         
2000424c  frequency1                    
20004250  frequency2                    
0000401d  frexp                         
0000401d  frexpl                        
00000000  g_pfnVectors                  
0000253f  getPinValue                   
000025f5  getPortValue                  
0000385b  getcUart0                     
200042be  gyro_x                        
20004368  gyro_x_ang                    
200042d0  gyro_x_float                  
200042c0  gyro_y                        
20004370  gyro_y_ang                    
200042d4  gyro_y_float                  
200042c2  gyro_z                        
200042d8  gyro_z_float                  
200042a0  iMax                          
00001171  initHw                        
00002685  initI2c0                      
00000369  initPidControllers            
00004435  initSystemClockTo40Mhz        
00003785  initUart0                     
2000429c  integral                      
20004254  irIndex                       
00002a1d  isI2c0Error                   
0000386f  kbhitUart0                    
000039d1  ldexp                         
000039d1  ldexpl                        
200041d0  line                          
200042b4  m                             
00001301  main                          
000043ab  memccpy                       
00003c8f  memcpy                        
00003ed5  memset                        
20004234  output                        
00000c6d  pidIsr                        
00000931  pidIsr2                       
20004328  pitch                         
000029cf  pollI2c0Address               
00003813  putcUart0                     
0000382f  putsUart0                     
00000609  readGyro                      
00002715  readI2c0Data                  
00002859  readI2c0Register              
000028b7  readI2c0Registers             
20004330  roll                          
000039d1  scalbn                        
000039d1  scalbnl                       
000020a3  selectPinAnalogInput          
00002055  selectPinDigitalInput         
000023bf  selectPinInterruptBothEdges   
0000236f  selectPinInterruptFallingEdge 
00002415  selectPinInterruptHighLevel   
0000244f  selectPinInterruptLowLevel    
0000231f  selectPinInterruptRisingEdge  
00002007  selectPinOpenDrainOutput      
00001fb9  selectPinPushPullOutput       
0000026d  setMotor1Neg                  
00000281  setMotor1Pos                  
000002a9  setMotor2Neg                  
00000295  setMotor2Pos                  
0000220d  setPinAuxFunction             
000020f3  setPinCommitControl           
000024f5  setPinValue                   
0000257d  setPortValue                  
000037cf  setUart0BaudRate              
20004258  signal                        
00004255  sprintf                       
000043f9  strchr                        
0000440f  strlen                        
20004264  sum1                          
20004268  sum2                          
200042e0  sumX                          
200042e8  sumY                          
200042f0  sumZ                          
20004338  thetaXGyro                    
2000425c  time1                         
20004000  time1Array                    
2000426c  time1Index                    
20004260  time2                         
200040a0  time2Array                    
2000426d  time2Index                    
0000251b  togglePinValue                
200042a8  u                             
20004280  u_high                        
20004284  u_low                         
20004360  value1                        
20004364  value2                        
0000436f  waitMicrosecond               
00004423  wcslen                        
00001019  wideTimer1Isr                 
000003e7  wideTimer3Isr                 
000010b7  wideTimer5Isr                 
000026df  writeI2c0Data                 
00002749  writeI2c0Register             
0000279f  writeI2c0Registers            
200042a4  y                             
20004288  ySetPoint                     


GLOBAL SYMBOLS: SORTED BY Symbol Address 

address   name                          
-------   ----                          
00000000  __TI_static_base__            
00000000  g_pfnVectors                  
0000026d  setMotor1Neg                  
00000281  setMotor1Pos                  
00000295  setMotor2Pos                  
000002a9  setMotor2Neg                  
000002bd  enableTimers                  
00000369  initPidControllers            
000003e7  wideTimer3Isr                 
00000609  readGyro                      
000007dd  calibrateGyro                 
00000931  pidIsr2                       
00000c6d  pidIsr                        
00001019  wideTimer1Isr                 
000010b7  wideTimer5Isr                 
00001171  initHw                        
00001301  main                          
0000142d  __TI_printfi                  
00001e7b  __aeabi_idiv0                 
00001e7b  __aeabi_ldiv0                 
00001e7d  enablePort                    
00001f39  disablePort                   
00001fb9  selectPinPushPullOutput       
00002007  selectPinOpenDrainOutput      
00002055  selectPinDigitalInput         
000020a3  selectPinAnalogInput          
000020f3  setPinCommitControl           
0000216f  enablePinPullup               
0000219d  disablePinPullup              
000021c1  enablePinPulldown             
000021e5  disablePinPulldown            
0000220d  setPinAuxFunction             
0000231f  selectPinInterruptRisingEdge  
0000236f  selectPinInterruptFallingEdge 
000023bf  selectPinInterruptBothEdges   
00002415  selectPinInterruptHighLevel   
0000244f  selectPinInterruptLowLevel    
00002489  enablePinInterrupt            
000024ad  disablePinInterrupt           
000024d1  clearPinInterrupt             
000024f5  setPinValue                   
0000251b  togglePinValue                
0000253f  getPinValue                   
0000257d  setPortValue                  
000025f5  getPortValue                  
00002685  initI2c0                      
000026df  writeI2c0Data                 
00002715  readI2c0Data                  
00002749  writeI2c0Register             
0000279f  writeI2c0Registers            
00002859  readI2c0Register              
000028b7  readI2c0Registers             
000029cf  pollI2c0Address               
00002a1d  isI2c0Error                   
00002a49  atan                          
00002a49  atanl                         
00002fa5  atan2                         
00002fa5  atan2l                        
00003359  __aeabi_dsub                  
00003363  __aeabi_dadd                  
0000364d  __aeabi_ddiv                  
00003785  initUart0                     
000037cf  setUart0BaudRate              
00003813  putcUart0                     
0000382f  putsUart0                     
0000385b  getcUart0                     
0000386f  kbhitUart0                    
000039d1  ldexp                         
000039d1  ldexpl                        
000039d1  scalbn                        
000039d1  scalbnl                       
00003ae1  __aeabi_dmul                  
00003c8f  __aeabi_memcpy                
00003c8f  __aeabi_memcpy4               
00003c8f  __aeabi_memcpy8               
00003c8f  memcpy                        
00003d2b  __aeabi_uldivmod              
00003dc1  __aeabi_cdcmpeq               
00003dc1  __aeabi_cdcmple               
00003e47  __aeabi_cdrcmple              
00003ecd  __aeabi_memclr                
00003ecd  __aeabi_memclr4               
00003ecd  __aeabi_memclr8               
00003ecf  __aeabi_memset                
00003ecf  __aeabi_memset4               
00003ecf  __aeabi_memset8               
00003ed5  memset                        
00003fb5  __TI_decompress_lzss          
00004000  __STACK_SIZE                  
0000401d  frexp                         
0000401d  frexpl                        
000040d7  __TI_ltoa                     
0000417d  atoi                          
000041c9  __aeabi_d2iz                  
00004211  __TI_auto_init_nobinit_nopinit
00004255  sprintf                       
000042d3  __aeabi_f2d                   
0000430d  _c_int00_noargs               
00004341  __aeabi_i2d                   
0000436f  waitMicrosecond               
0000438f  __TI_zero_init_nomemset       
000043ab  memccpy                       
000043c7  copysign                      
000043c7  copysignl                     
000043f9  strchr                        
0000440f  strlen                        
00004423  wcslen                        
00004435  initSystemClockTo40Mhz        
00004445  __TI_decompress_none          
00004453  ResetISR                      
00004469  __aeabi_errno_addr            
00004471  _system_pre_init              
00004475  C$$EXIT                       
00004475  abort                         
00004478  _ctypes_                      
00004654  __TI_Handler_Table_Base       
00004660  __TI_Handler_Table_Limit      
00004668  __TI_CINIT_Base               
00004678  __TI_CINIT_Limit              
20000000  __stack                       
20000000  __start___llvm_prf_cnts       
20000000  __stop___llvm_prf_cnts        
20000200  __STACK_TOP                   
20004000  __STACK_END                   
20004000  time1Array                    
200040a0  time2Array                    
20004140  array                         
200041d0  line                          
20004234  output                        
20004244  error                         
20004248  count                         
2000424c  frequency1                    
20004250  frequency2                    
20004254  irIndex                       
20004258  signal                        
2000425c  time1                         
20004260  time2                         
20004264  sum1                          
20004268  sum2                          
2000426c  time1Index                    
2000426d  time2Index                    
20004270  T1_avg_bits                   
20004274  T2_avg_bits                   
20004278  T1_avg                        
2000427c  T2_avg                        
20004280  u_high                        
20004284  u_low                         
20004288  ySetPoint                     
2000428c  coeffKp                       
20004290  coeffKi                       
20004294  coeffKo                       
20004298  coeffK                        
2000429c  integral                      
200042a0  iMax                          
200042a4  y                             
200042a8  u                             
200042ac  deadBand                      
200042b0  deadBand2                     
200042b4  m                             
200042b8  accel_x                       
200042ba  accel_y                       
200042bc  accel_z                       
200042be  gyro_x                        
200042c0  gyro_y                        
200042c2  gyro_z                        
200042c4  accel_x_float                 
200042c8  accel_y_float                 
200042cc  accel_z_float                 
200042d0  gyro_x_float                  
200042d4  gyro_y_float                  
200042d8  gyro_z_float                  
200042e0  sumX                          
200042e8  sumY                          
200042f0  sumZ                          
200042f8  avgBiasX                      
20004300  avgBiasY                      
20004308  avgBiasZ                      
20004310  correctedX                    
20004318  correctedY                    
20004320  correctedZ                    
20004328  pitch                         
20004330  roll                          
20004338  thetaXGyro                    
20004340  confidence                    
20004348  confidence2                   
20004350  angle_pitch                   
20004358  angle_roll                    
20004360  value1                        
20004364  value2                        
20004368  gyro_x_ang                    
20004370  gyro_y_ang                    
2000437c  errno                         
ffffffff  __TI_pprof_out_hndl           
ffffffff  __TI_prof_data_size           
ffffffff  __TI_prof_data_start          
ffffffff  __binit__                     
ffffffff  __c_args__                    
ffffffff  binit                         
UNDEFED   __mpu_init                    
UNDEFED   _system_post_cinit            

[200 symbols]
