<?xml version="1.0" encoding="ISO-8859-1" ?>
<link_info>
   <banner>TI ARM Linker PC v20.2.7.LTS</banner>
   <copyright>Copyright (c) 1996-2018 Texas Instruments Incorporated</copyright>
   <link_time>0x656f9c62</link_time>
   <link_errors>0x0</link_errors>
   <output_file>Final Project.out</output_file>
   <entry_point>
      <name>_c_int00_noargs</name>
      <address>0x4545</address>
   </entry_point>
   <input_file_list>
      <input_file id="fl-2">
         <path>.\</path>
         <kind>object</kind>
         <file>clock.obj</file>
         <name>clock.obj</name>
      </input_file>
      <input_file id="fl-3">
         <path>.\</path>
         <kind>object</kind>
         <file>freq_time.obj</file>
         <name>freq_time.obj</name>
      </input_file>
      <input_file id="fl-4">
         <path>.\</path>
         <kind>object</kind>
         <file>gpio.obj</file>
         <name>gpio.obj</name>
      </input_file>
      <input_file id="fl-5">
         <path>.\</path>
         <kind>object</kind>
         <file>i2c0.obj</file>
         <name>i2c0.obj</name>
      </input_file>
      <input_file id="fl-6">
         <path>.\</path>
         <kind>object</kind>
         <file>main.obj</file>
         <name>main.obj</name>
      </input_file>
      <input_file id="fl-7">
         <path>.\</path>
         <kind>object</kind>
         <file>nvic.obj</file>
         <name>nvic.obj</name>
      </input_file>
      <input_file id="fl-8">
         <path>.\</path>
         <kind>object</kind>
         <file>qei0.obj</file>
         <name>qei0.obj</name>
      </input_file>
      <input_file id="fl-9">
         <path>.\</path>
         <kind>object</kind>
         <file>tm4c123gh6pm_startup_ccs.obj</file>
         <name>tm4c123gh6pm_startup_ccs.obj</name>
      </input_file>
      <input_file id="fl-a">
         <path>.\</path>
         <kind>object</kind>
         <file>uart0.obj</file>
         <name>uart0.obj</name>
      </input_file>
      <input_file id="fl-b">
         <path>.\</path>
         <kind>object</kind>
         <file>wait.obj</file>
         <name>wait.obj</name>
      </input_file>
      <input_file id="fl-f">
         <kind>object</kind>
         <file>&lt;internal&gt;</file>
         <name>&lt;internal&gt;</name>
      </input_file>
      <input_file id="fl-c5">
         <path>C:\ti\ccs1220\ccs\tools\compiler\ti-cgt-arm_20.2.7.LTS\lib\</path>
         <kind>archive</kind>
         <file>rtsv7M4_T_le_v4SPD16_eabi.lib</file>
         <name>e_atan2.c.obj</name>
      </input_file>
      <input_file id="fl-c6">
         <path>C:\ti\ccs1220\ccs\tools\compiler\ti-cgt-arm_20.2.7.LTS\lib\</path>
         <kind>archive</kind>
         <file>rtsv7M4_T_le_v4SPD16_eabi.lib</file>
         <name>s_atan.c.obj</name>
      </input_file>
      <input_file id="fl-c7">
         <path>C:\ti\ccs1220\ccs\tools\compiler\ti-cgt-arm_20.2.7.LTS\lib\</path>
         <kind>archive</kind>
         <file>rtsv7M4_T_le_v4SPD16_eabi.lib</file>
         <name>sprintf.c.obj</name>
      </input_file>
      <input_file id="fl-c8">
         <path>C:\ti\ccs1220\ccs\tools\compiler\ti-cgt-arm_20.2.7.LTS\lib\</path>
         <kind>archive</kind>
         <file>rtsv7M4_T_le_v4SPD16_eabi.lib</file>
         <name>fd_add_t2.asm.obj</name>
      </input_file>
      <input_file id="fl-c9">
         <path>C:\ti\ccs1220\ccs\tools\compiler\ti-cgt-arm_20.2.7.LTS\lib\</path>
         <kind>archive</kind>
         <file>rtsv7M4_T_le_v4SPD16_eabi.lib</file>
         <name>fd_cmp_t2.asm.obj</name>
      </input_file>
      <input_file id="fl-ca">
         <path>C:\ti\ccs1220\ccs\tools\compiler\ti-cgt-arm_20.2.7.LTS\lib\</path>
         <kind>archive</kind>
         <file>rtsv7M4_T_le_v4SPD16_eabi.lib</file>
         <name>fd_div_t2.asm.obj</name>
      </input_file>
      <input_file id="fl-cb">
         <path>C:\ti\ccs1220\ccs\tools\compiler\ti-cgt-arm_20.2.7.LTS\lib\</path>
         <kind>archive</kind>
         <file>rtsv7M4_T_le_v4SPD16_eabi.lib</file>
         <name>fd_mul_t2.asm.obj</name>
      </input_file>
      <input_file id="fl-cc">
         <path>C:\ti\ccs1220\ccs\tools\compiler\ti-cgt-arm_20.2.7.LTS\lib\</path>
         <kind>archive</kind>
         <file>rtsv7M4_T_le_v4SPD16_eabi.lib</file>
         <name>fd_toi_t2.asm.obj</name>
      </input_file>
      <input_file id="fl-cd">
         <path>C:\ti\ccs1220\ccs\tools\compiler\ti-cgt-arm_20.2.7.LTS\lib\</path>
         <kind>archive</kind>
         <file>rtsv7M4_T_le_v4SPD16_eabi.lib</file>
         <name>fs_tod_t2.asm.obj</name>
      </input_file>
      <input_file id="fl-ce">
         <path>C:\ti\ccs1220\ccs\tools\compiler\ti-cgt-arm_20.2.7.LTS\lib\</path>
         <kind>archive</kind>
         <file>rtsv7M4_T_le_v4SPD16_eabi.lib</file>
         <name>i_tofd_t2.asm.obj</name>
      </input_file>
      <input_file id="fl-cf">
         <path>C:\ti\ccs1220\ccs\tools\compiler\ti-cgt-arm_20.2.7.LTS\lib\</path>
         <kind>archive</kind>
         <file>rtsv7M4_T_le_v4SPD16_eabi.lib</file>
         <name>memcpy_t2.asm.obj</name>
      </input_file>
      <input_file id="fl-d0">
         <path>C:\ti\ccs1220\ccs\tools\compiler\ti-cgt-arm_20.2.7.LTS\lib\</path>
         <kind>archive</kind>
         <file>rtsv7M4_T_le_v4SPD16_eabi.lib</file>
         <name>copy_zero_init.c.obj</name>
      </input_file>
      <input_file id="fl-d1">
         <path>C:\ti\ccs1220\ccs\tools\compiler\ti-cgt-arm_20.2.7.LTS\lib\</path>
         <kind>archive</kind>
         <file>rtsv7M4_T_le_v4SPD16_eabi.lib</file>
         <name>copy_decompress_none.c.obj</name>
      </input_file>
      <input_file id="fl-d2">
         <path>C:\ti\ccs1220\ccs\tools\compiler\ti-cgt-arm_20.2.7.LTS\lib\</path>
         <kind>archive</kind>
         <file>rtsv7M4_T_le_v4SPD16_eabi.lib</file>
         <name>copy_decompress_lzss.c.obj</name>
      </input_file>
      <input_file id="fl-d3">
         <path>C:\ti\ccs1220\ccs\tools\compiler\ti-cgt-arm_20.2.7.LTS\lib\</path>
         <kind>archive</kind>
         <file>rtsv7M4_T_le_v4SPD16_eabi.lib</file>
         <name>boot_cortex_m.c.obj</name>
      </input_file>
      <input_file id="fl-d4">
         <path>C:\ti\ccs1220\ccs\tools\compiler\ti-cgt-arm_20.2.7.LTS\lib\</path>
         <kind>archive</kind>
         <file>rtsv7M4_T_le_v4SPD16_eabi.lib</file>
         <name>_printfi.c.obj</name>
      </input_file>
      <input_file id="fl-d5">
         <path>C:\ti\ccs1220\ccs\tools\compiler\ti-cgt-arm_20.2.7.LTS\lib\</path>
         <kind>archive</kind>
         <file>rtsv7M4_T_le_v4SPD16_eabi.lib</file>
         <name>memset_t2.asm.obj</name>
      </input_file>
      <input_file id="fl-d6">
         <path>C:\ti\ccs1220\ccs\tools\compiler\ti-cgt-arm_20.2.7.LTS\lib\</path>
         <kind>archive</kind>
         <file>rtsv7M4_T_le_v4SPD16_eabi.lib</file>
         <name>ull_div_t2.asm.obj</name>
      </input_file>
      <input_file id="fl-d7">
         <path>C:\ti\ccs1220\ccs\tools\compiler\ti-cgt-arm_20.2.7.LTS\lib\</path>
         <kind>archive</kind>
         <file>rtsv7M4_T_le_v4SPD16_eabi.lib</file>
         <name>autoinit.c.obj</name>
      </input_file>
      <input_file id="fl-d8">
         <path>C:\ti\ccs1220\ccs\tools\compiler\ti-cgt-arm_20.2.7.LTS\lib\</path>
         <kind>archive</kind>
         <file>rtsv7M4_T_le_v4SPD16_eabi.lib</file>
         <name>pre_init.c.obj</name>
      </input_file>
      <input_file id="fl-d9">
         <path>C:\ti\ccs1220\ccs\tools\compiler\ti-cgt-arm_20.2.7.LTS\lib\</path>
         <kind>archive</kind>
         <file>rtsv7M4_T_le_v4SPD16_eabi.lib</file>
         <name>cpy_tbl.c.obj</name>
      </input_file>
      <input_file id="fl-da">
         <path>C:\ti\ccs1220\ccs\tools\compiler\ti-cgt-arm_20.2.7.LTS\lib\</path>
         <kind>archive</kind>
         <file>rtsv7M4_T_le_v4SPD16_eabi.lib</file>
         <name>exit.c.obj</name>
      </input_file>
      <input_file id="fl-db">
         <path>C:\ti\ccs1220\ccs\tools\compiler\ti-cgt-arm_20.2.7.LTS\lib\</path>
         <kind>archive</kind>
         <file>rtsv7M4_T_le_v4SPD16_eabi.lib</file>
         <name>_lock.c.obj</name>
      </input_file>
      <input_file id="fl-dc">
         <path>C:\ti\ccs1220\ccs\tools\compiler\ti-cgt-arm_20.2.7.LTS\lib\</path>
         <kind>archive</kind>
         <file>rtsv7M4_T_le_v4SPD16_eabi.lib</file>
         <name>_ltoa.c.obj</name>
      </input_file>
      <input_file id="fl-dd">
         <path>C:\ti\ccs1220\ccs\tools\compiler\ti-cgt-arm_20.2.7.LTS\lib\</path>
         <kind>archive</kind>
         <file>rtsv7M4_T_le_v4SPD16_eabi.lib</file>
         <name>args_main.c.obj</name>
      </input_file>
      <input_file id="fl-de">
         <path>C:\ti\ccs1220\ccs\tools\compiler\ti-cgt-arm_20.2.7.LTS\lib\</path>
         <kind>archive</kind>
         <file>rtsv7M4_T_le_v4SPD16_eabi.lib</file>
         <name>atoi.c.obj</name>
      </input_file>
      <input_file id="fl-df">
         <path>C:\ti\ccs1220\ccs\tools\compiler\ti-cgt-arm_20.2.7.LTS\lib\</path>
         <kind>archive</kind>
         <file>rtsv7M4_T_le_v4SPD16_eabi.lib</file>
         <name>ctype.c.obj</name>
      </input_file>
      <input_file id="fl-e0">
         <path>C:\ti\ccs1220\ccs\tools\compiler\ti-cgt-arm_20.2.7.LTS\lib\</path>
         <kind>archive</kind>
         <file>rtsv7M4_T_le_v4SPD16_eabi.lib</file>
         <name>memccpy.c.obj</name>
      </input_file>
      <input_file id="fl-e1">
         <path>C:\ti\ccs1220\ccs\tools\compiler\ti-cgt-arm_20.2.7.LTS\lib\</path>
         <kind>archive</kind>
         <file>rtsv7M4_T_le_v4SPD16_eabi.lib</file>
         <name>strchr.c.obj</name>
      </input_file>
      <input_file id="fl-e2">
         <path>C:\ti\ccs1220\ccs\tools\compiler\ti-cgt-arm_20.2.7.LTS\lib\</path>
         <kind>archive</kind>
         <file>rtsv7M4_T_le_v4SPD16_eabi.lib</file>
         <name>strlen.c.obj</name>
      </input_file>
      <input_file id="fl-e3">
         <path>C:\ti\ccs1220\ccs\tools\compiler\ti-cgt-arm_20.2.7.LTS\lib\</path>
         <kind>archive</kind>
         <file>rtsv7M4_T_le_v4SPD16_eabi.lib</file>
         <name>errno.c.obj</name>
      </input_file>
      <input_file id="fl-e4">
         <path>C:\ti\ccs1220\ccs\tools\compiler\ti-cgt-arm_20.2.7.LTS\lib\</path>
         <kind>archive</kind>
         <file>rtsv7M4_T_le_v4SPD16_eabi.lib</file>
         <name>wcslen.c.obj</name>
      </input_file>
      <input_file id="fl-e5">
         <path>C:\ti\ccs1220\ccs\tools\compiler\ti-cgt-arm_20.2.7.LTS\lib\</path>
         <kind>archive</kind>
         <file>rtsv7M4_T_le_v4SPD16_eabi.lib</file>
         <name>s_frexp.c.obj</name>
      </input_file>
      <input_file id="fl-e6">
         <path>C:\ti\ccs1220\ccs\tools\compiler\ti-cgt-arm_20.2.7.LTS\lib\</path>
         <kind>archive</kind>
         <file>rtsv7M4_T_le_v4SPD16_eabi.lib</file>
         <name>s_scalbn.c.obj</name>
      </input_file>
      <input_file id="fl-e7">
         <path>C:\ti\ccs1220\ccs\tools\compiler\ti-cgt-arm_20.2.7.LTS\lib\</path>
         <kind>archive</kind>
         <file>rtsv7M4_T_le_v4SPD16_eabi.lib</file>
         <name>div0.asm.obj</name>
      </input_file>
      <input_file id="fl-e8">
         <path>C:\ti\ccs1220\ccs\tools\compiler\ti-cgt-arm_20.2.7.LTS\lib\</path>
         <kind>archive</kind>
         <file>rtsv7M4_T_le_v4SPD16_eabi.lib</file>
         <name>s_copysign.c.obj</name>
      </input_file>
   </input_file_list>
   <object_component_list>
      <object_component id="oc-12">
         <name>.intvecs</name>
         <load_address>0x0</load_address>
         <run_address>0x0</run_address>
         <size>0x26c</size>
         <input_file_ref idref="fl-9"/>
      </object_component>
      <object_component id="oc-2d">
         <name>.text</name>
         <load_address>0x26c</load_address>
         <run_address>0x26c</run_address>
         <size>0x13f8</size>
         <input_file_ref idref="fl-6"/>
      </object_component>
      <object_component id="oc-109">
         <name>.text:__TI_printfi</name>
         <load_address>0x1664</load_address>
         <run_address>0x1664</run_address>
         <size>0xa4e</size>
         <input_file_ref idref="fl-d4"/>
      </object_component>
      <object_component id="oc-2b7">
         <name>.text</name>
         <load_address>0x20b2</load_address>
         <run_address>0x20b2</run_address>
         <size>0x2</size>
         <input_file_ref idref="fl-e7"/>
      </object_component>
      <object_component id="oc-c0">
         <name>.text</name>
         <load_address>0x20b4</load_address>
         <run_address>0x20b4</run_address>
         <size>0x808</size>
         <input_file_ref idref="fl-4"/>
      </object_component>
      <object_component id="oc-86">
         <name>.text</name>
         <load_address>0x28bc</load_address>
         <run_address>0x28bc</run_address>
         <size>0x3c4</size>
         <input_file_ref idref="fl-5"/>
      </object_component>
      <object_component id="oc-133">
         <name>.text:atan</name>
         <load_address>0x2c80</load_address>
         <run_address>0x2c80</run_address>
         <size>0x2ec</size>
         <input_file_ref idref="fl-c6"/>
      </object_component>
      <object_component id="oc-1c8">
         <name>.text:_pconv_a</name>
         <load_address>0x2f6c</load_address>
         <run_address>0x2f6c</run_address>
         <size>0x270</size>
         <input_file_ref idref="fl-d4"/>
      </object_component>
      <object_component id="oc-91">
         <name>.text:atan2</name>
         <load_address>0x31dc</load_address>
         <run_address>0x31dc</run_address>
         <size>0x1e4</size>
         <input_file_ref idref="fl-c5"/>
      </object_component>
      <object_component id="oc-1b6">
         <name>.text:_pconv_g</name>
         <load_address>0x33c0</load_address>
         <run_address>0x33c0</run_address>
         <size>0x1d0</size>
         <input_file_ref idref="fl-d4"/>
      </object_component>
      <object_component id="oc-a7">
         <name>.text</name>
         <load_address>0x3590</load_address>
         <run_address>0x3590</run_address>
         <size>0x1b6</size>
         <input_file_ref idref="fl-c8"/>
      </object_component>
      <object_component id="oc-1c2">
         <name>.text:_pconv_e</name>
         <load_address>0x3748</load_address>
         <run_address>0x3748</run_address>
         <size>0x13c</size>
         <input_file_ref idref="fl-d4"/>
      </object_component>
      <object_component id="oc-9c">
         <name>.text</name>
         <load_address>0x3884</load_address>
         <run_address>0x3884</run_address>
         <size>0x136</size>
         <input_file_ref idref="fl-ca"/>
      </object_component>
      <object_component id="oc-74">
         <name>.text</name>
         <load_address>0x39bc</load_address>
         <run_address>0x39bc</run_address>
         <size>0x128</size>
         <input_file_ref idref="fl-a"/>
      </object_component>
      <object_component id="oc-248">
         <name>.text:fcvt</name>
         <load_address>0x3ae4</load_address>
         <run_address>0x3ae4</run_address>
         <size>0x124</size>
         <input_file_ref idref="fl-d4"/>
      </object_component>
      <object_component id="oc-25c">
         <name>.text:scalbn</name>
         <load_address>0x3c08</load_address>
         <run_address>0x3c08</run_address>
         <size>0x110</size>
         <input_file_ref idref="fl-e6"/>
      </object_component>
      <object_component id="oc-97">
         <name>.text</name>
         <load_address>0x3d18</load_address>
         <run_address>0x3d18</run_address>
         <size>0xfc</size>
         <input_file_ref idref="fl-cb"/>
      </object_component>
      <object_component id="oc-1ab">
         <name>.text:_ltostr</name>
         <load_address>0x3e14</load_address>
         <run_address>0x3e14</run_address>
         <size>0xb1</size>
         <input_file_ref idref="fl-d4"/>
      </object_component>
      <object_component id="oc-41">
         <name>.text</name>
         <load_address>0x3ec6</load_address>
         <run_address>0x3ec6</run_address>
         <size>0x9c</size>
         <input_file_ref idref="fl-cf"/>
      </object_component>
      <object_component id="oc-22e">
         <name>.text</name>
         <load_address>0x3f62</load_address>
         <run_address>0x3f62</run_address>
         <size>0x96</size>
         <input_file_ref idref="fl-d6"/>
      </object_component>
      <object_component id="oc-1b1">
         <name>.text:__aeabi_cdcmple</name>
         <load_address>0x3ff8</load_address>
         <run_address>0x3ff8</run_address>
         <size>0x86</size>
         <input_file_ref idref="fl-c9"/>
      </object_component>
      <object_component id="oc-1f3">
         <name>.text:__aeabi_cdrcmple</name>
         <load_address>0x407e</load_address>
         <run_address>0x407e</run_address>
         <size>0x86</size>
         <input_file_ref idref="fl-c9"/>
      </object_component>
      <object_component id="oc-ea">
         <name>.text</name>
         <load_address>0x4104</load_address>
         <run_address>0x4104</run_address>
         <size>0x7a</size>
         <input_file_ref idref="fl-d5"/>
      </object_component>
      <object_component id="oc-241">
         <name>.text:_mcpy</name>
         <load_address>0x417e</load_address>
         <run_address>0x417e</run_address>
         <size>0x6e</size>
         <input_file_ref idref="fl-d4"/>
      </object_component>
      <object_component id="oc-15">
         <name>.text:decompress:lzss:__TI_decompress_lzss</name>
         <load_address>0x41ec</load_address>
         <run_address>0x41ec</run_address>
         <size>0x68</size>
         <input_file_ref idref="fl-d2"/>
      </object_component>
      <object_component id="oc-256">
         <name>.text:frexp</name>
         <load_address>0x4254</load_address>
         <run_address>0x4254</run_address>
         <size>0x64</size>
         <input_file_ref idref="fl-e5"/>
      </object_component>
      <object_component id="oc-1bc">
         <name>.text:_pconv_f</name>
         <load_address>0x42b8</load_address>
         <run_address>0x42b8</run_address>
         <size>0x56</size>
         <input_file_ref idref="fl-d4"/>
      </object_component>
      <object_component id="oc-235">
         <name>.text:__TI_ltoa</name>
         <load_address>0x430e</load_address>
         <run_address>0x430e</run_address>
         <size>0x54</size>
         <input_file_ref idref="fl-dc"/>
      </object_component>
      <object_component id="oc-23b">
         <name>.text:_ecpy</name>
         <load_address>0x4362</load_address>
         <run_address>0x4362</run_address>
         <size>0x52</size>
         <input_file_ref idref="fl-d4"/>
      </object_component>
      <object_component id="oc-1a5">
         <name>.text:atoi</name>
         <load_address>0x43b4</load_address>
         <run_address>0x43b4</run_address>
         <size>0x4c</size>
         <input_file_ref idref="fl-de"/>
      </object_component>
      <object_component id="oc-ad">
         <name>.text</name>
         <load_address>0x4400</load_address>
         <run_address>0x4400</run_address>
         <size>0x48</size>
         <input_file_ref idref="fl-cc"/>
      </object_component>
      <object_component id="oc-16b">
         <name>.text:__TI_auto_init_nobinit_nopinit:__TI_auto_init_nobinit_nopinit</name>
         <load_address>0x4448</load_address>
         <run_address>0x4448</run_address>
         <size>0x44</size>
         <input_file_ref idref="fl-d7"/>
      </object_component>
      <object_component id="oc-7a">
         <name>.text:sprintf</name>
         <load_address>0x448c</load_address>
         <run_address>0x448c</run_address>
         <size>0x40</size>
         <input_file_ref idref="fl-c7"/>
      </object_component>
      <object_component id="oc-24e">
         <name>.text:_fcpy</name>
         <load_address>0x44cc</load_address>
         <run_address>0x44cc</run_address>
         <size>0x3e</size>
         <input_file_ref idref="fl-d4"/>
      </object_component>
      <object_component id="oc-8c">
         <name>.text</name>
         <load_address>0x450a</load_address>
         <run_address>0x450a</run_address>
         <size>0x38</size>
         <input_file_ref idref="fl-cd"/>
      </object_component>
      <object_component id="oc-5f">
         <name>.text:_c_int00_noargs:_c_int00_noargs</name>
         <load_address>0x4544</load_address>
         <run_address>0x4544</run_address>
         <size>0x34</size>
         <input_file_ref idref="fl-d3"/>
      </object_component>
      <object_component id="oc-a2">
         <name>.text</name>
         <load_address>0x4578</load_address>
         <run_address>0x4578</run_address>
         <size>0x2e</size>
         <input_file_ref idref="fl-ce"/>
      </object_component>
      <object_component id="oc-b4">
         <name>.text</name>
         <load_address>0x45a6</load_address>
         <run_address>0x45a6</run_address>
         <size>0x20</size>
         <input_file_ref idref="fl-b"/>
      </object_component>
      <object_component id="oc-4d">
         <name>.text:decompress:ZI:__TI_zero_init_nomemset:__TI_zero_init_nomemset</name>
         <load_address>0x45c6</load_address>
         <run_address>0x45c6</run_address>
         <size>0x1c</size>
         <input_file_ref idref="fl-d0"/>
      </object_component>
      <object_component id="oc-1ce">
         <name>.text:memccpy</name>
         <load_address>0x45e2</load_address>
         <run_address>0x45e2</run_address>
         <size>0x1c</size>
         <input_file_ref idref="fl-e0"/>
      </object_component>
      <object_component id="oc-2ca">
         <name>.text:copysign</name>
         <load_address>0x45fe</load_address>
         <run_address>0x45fe</run_address>
         <size>0x1a</size>
         <input_file_ref idref="fl-e8"/>
      </object_component>
      <object_component id="oc-10f">
         <name>.text:_outs</name>
         <load_address>0x4618</load_address>
         <run_address>0x4618</run_address>
         <size>0x18</size>
         <input_file_ref idref="fl-c7"/>
      </object_component>
      <object_component id="oc-262">
         <name>.text:strchr</name>
         <load_address>0x4630</load_address>
         <run_address>0x4630</run_address>
         <size>0x16</size>
         <input_file_ref idref="fl-e1"/>
      </object_component>
      <object_component id="oc-19f">
         <name>.text:strlen</name>
         <load_address>0x4646</load_address>
         <run_address>0x4646</run_address>
         <size>0x14</size>
         <input_file_ref idref="fl-e2"/>
      </object_component>
      <object_component id="oc-1d4">
         <name>.text:wcslen</name>
         <load_address>0x465a</load_address>
         <run_address>0x465a</run_address>
         <size>0x12</size>
         <input_file_ref idref="fl-e4"/>
      </object_component>
      <object_component id="oc-ba">
         <name>.text</name>
         <load_address>0x466c</load_address>
         <run_address>0x466c</run_address>
         <size>0x10</size>
         <input_file_ref idref="fl-2"/>
      </object_component>
      <object_component id="oc-1b">
         <name>.text:decompress:none:__TI_decompress_none</name>
         <load_address>0x467c</load_address>
         <run_address>0x467c</run_address>
         <size>0xe</size>
         <input_file_ref idref="fl-d1"/>
      </object_component>
      <object_component id="oc-27">
         <name>.text</name>
         <load_address>0x468a</load_address>
         <run_address>0x468a</run_address>
         <size>0xc</size>
         <input_file_ref idref="fl-9"/>
      </object_component>
      <object_component id="oc-115">
         <name>.text:_outc</name>
         <load_address>0x4696</load_address>
         <run_address>0x4696</run_address>
         <size>0xa</size>
         <input_file_ref idref="fl-c7"/>
      </object_component>
      <object_component id="oc-1da">
         <name>.text:__aeabi_errno_addr</name>
         <load_address>0x46a0</load_address>
         <run_address>0x46a0</run_address>
         <size>0x8</size>
         <input_file_ref idref="fl-e3"/>
      </object_component>
      <object_component id="oc-f0">
         <name>.text:_system_pre_init</name>
         <load_address>0x46a8</load_address>
         <run_address>0x46a8</run_address>
         <size>0x4</size>
         <input_file_ref idref="fl-d8"/>
      </object_component>
      <object_component id="oc-15f">
         <name>.text:abort:abort</name>
         <load_address>0x46ac</load_address>
         <run_address>0x46ac</run_address>
         <size>0x4</size>
         <input_file_ref idref="fl-da"/>
      </object_component>
      <object_component id="oc-229">
         <name>.const:.string:_ctypes_</name>
         <load_address>0x46b0</load_address>
         <run_address>0x46b0</run_address>
         <size>0x101</size>
         <input_file_ref idref="fl-df"/>
      </object_component>
      <object_component id="oc-1f8">
         <name>.const:$O1$$</name>
         <load_address>0x47b8</load_address>
         <run_address>0x47b8</run_address>
         <size>0x98</size>
         <input_file_ref idref="fl-c6"/>
      </object_component>
      <object_component id="oc-333">
         <name>.cinit..data.load</name>
         <load_address>0x4850</load_address>
         <run_address>0x4850</run_address>
         <size>0x3a</size>
      </object_component>
      <object_component id="oc-331">
         <name>__TI_handler_table</name>
         <load_address>0x488c</load_address>
         <run_address>0x488c</run_address>
         <size>0xc</size>
      </object_component>
      <object_component id="oc-334">
         <name>.cinit..bss.load</name>
         <load_address>0x4898</load_address>
         <run_address>0x4898</run_address>
         <size>0x8</size>
      </object_component>
      <object_component id="oc-332">
         <name>__TI_cinit_table</name>
         <load_address>0x48a0</load_address>
         <run_address>0x48a0</run_address>
         <size>0x10</size>
      </object_component>
      <object_component id="oc-83">
         <name>.data</name>
         <load_address>0x20004250</load_address>
         <run_address>0x20004250</run_address>
         <size>0x134</size>
         <input_file_ref idref="fl-6"/>
      </object_component>
      <object_component id="oc-272">
         <name>.data</name>
         <load_address>0x20004384</load_address>
         <run_address>0x20004384</run_address>
         <size>0x4</size>
         <input_file_ref idref="fl-e3"/>
      </object_component>
      <object_component id="oc-80">
         <name>.common:array</name>
         <uninitialized>true</uninitialized>
         <run_address>0x20004140</run_address>
         <size>0x90</size>
      </object_component>
      <object_component id="oc-a1">
         <name>.common:line</name>
         <uninitialized>true</uninitialized>
         <run_address>0x200041d0</run_address>
         <size>0x64</size>
      </object_component>
      <object_component id="oc-c6">
         <name>.common:time1Array</name>
         <uninitialized>true</uninitialized>
         <run_address>0x20004000</run_address>
         <size>0xa0</size>
      </object_component>
      <object_component id="oc-c7">
         <name>.common:time2Array</name>
         <uninitialized>true</uninitialized>
         <run_address>0x200040a0</run_address>
         <size>0xa0</size>
      </object_component>
      <object_component id="oc-b3">
         <name>.common:diff</name>
         <uninitialized>true</uninitialized>
         <run_address>0x20004244</run_address>
         <size>0x4</size>
      </object_component>
      <object_component id="oc-b2">
         <name>.common:error</name>
         <uninitialized>true</uninitialized>
         <run_address>0x20004248</run_address>
         <size>0x4</size>
      </object_component>
      <object_component id="oc-ac">
         <name>.common:output</name>
         <uninitialized>true</uninitialized>
         <run_address>0x20004234</run_address>
         <size>0x10</size>
      </object_component>
      <object_component id="oc-24">
         <name>.stack</name>
         <uninitialized>true</uninitialized>
         <run_address>0x20000000</run_address>
         <size>0x4</size>
         <input_file_ref idref="fl-d3"/>
      </object_component>
      <object_component id="oc-336">
         <name>.stack</name>
         <uninitialized>true</uninitialized>
         <run_address>0x20000000</run_address>
         <size>0x0</size>
      </object_component>
      <object_component id="oc-14e">
         <name>.debug_info</name>
         <load_address>0x0</load_address>
         <run_address>0x0</run_address>
         <size>0x258</size>
         <input_file_ref idref="fl-2"/>
      </object_component>
      <object_component id="oc-be">
         <name>.debug_info</name>
         <load_address>0x258</load_address>
         <run_address>0x258</run_address>
         <size>0x115</size>
         <input_file_ref idref="fl-2"/>
      </object_component>
      <object_component id="oc-d0">
         <name>.debug_info</name>
         <load_address>0x36d</load_address>
         <run_address>0x36d</run_address>
         <size>0x26b</size>
         <input_file_ref idref="fl-2"/>
      </object_component>
      <object_component id="oc-3c">
         <name>.debug_info</name>
         <load_address>0x5d8</load_address>
         <run_address>0x5d8</run_address>
         <size>0x84</size>
         <input_file_ref idref="fl-2"/>
      </object_component>
      <object_component id="oc-149">
         <name>.debug_info</name>
         <load_address>0x65c</load_address>
         <run_address>0x65c</run_address>
         <size>0x2a4</size>
         <input_file_ref idref="fl-2"/>
      </object_component>
      <object_component id="oc-c9">
         <name>.debug_info</name>
         <load_address>0x900</load_address>
         <run_address>0x900</run_address>
         <size>0xbb</size>
         <input_file_ref idref="fl-2"/>
      </object_component>
      <object_component id="oc-1f0">
         <name>.debug_info</name>
         <load_address>0x9bb</load_address>
         <run_address>0x9bb</run_address>
         <size>0xce</size>
         <input_file_ref idref="fl-3"/>
      </object_component>
      <object_component id="oc-11d">
         <name>.debug_info</name>
         <load_address>0xa89</load_address>
         <run_address>0xa89</run_address>
         <size>0x2c</size>
         <input_file_ref idref="fl-3"/>
      </object_component>
      <object_component id="oc-124">
         <name>.debug_info</name>
         <load_address>0xab5</load_address>
         <run_address>0xab5</run_address>
         <size>0x35</size>
         <input_file_ref idref="fl-3"/>
      </object_component>
      <object_component id="oc-148">
         <name>.debug_info</name>
         <load_address>0xaea</load_address>
         <run_address>0xaea</run_address>
         <size>0x25d</size>
         <input_file_ref idref="fl-4"/>
      </object_component>
      <object_component id="oc-c1">
         <name>.debug_info</name>
         <load_address>0xd47</load_address>
         <run_address>0xd47</run_address>
         <size>0x10e3</size>
         <input_file_ref idref="fl-4"/>
      </object_component>
      <object_component id="oc-129">
         <name>.debug_info</name>
         <load_address>0x1e2a</load_address>
         <run_address>0x1e2a</run_address>
         <size>0x88</size>
         <input_file_ref idref="fl-4"/>
      </object_component>
      <object_component id="oc-103">
         <name>.debug_info</name>
         <load_address>0x1eb2</load_address>
         <run_address>0x1eb2</run_address>
         <size>0x8b</size>
         <input_file_ref idref="fl-4"/>
      </object_component>
      <object_component id="oc-131">
         <name>.debug_info</name>
         <load_address>0x1f3d</load_address>
         <run_address>0x1f3d</run_address>
         <size>0x358</size>
         <input_file_ref idref="fl-5"/>
      </object_component>
      <object_component id="oc-88">
         <name>.debug_info</name>
         <load_address>0x2295</load_address>
         <run_address>0x2295</run_address>
         <size>0x649</size>
         <input_file_ref idref="fl-5"/>
      </object_component>
      <object_component id="oc-81">
         <name>.debug_info</name>
         <load_address>0x28de</load_address>
         <run_address>0x28de</run_address>
         <size>0x624</size>
         <input_file_ref idref="fl-6"/>
      </object_component>
      <object_component id="oc-84">
         <name>.debug_info</name>
         <load_address>0x2f02</load_address>
         <run_address>0x2f02</run_address>
         <size>0x873</size>
         <input_file_ref idref="fl-6"/>
      </object_component>
      <object_component id="oc-2e">
         <name>.debug_info</name>
         <load_address>0x3775</load_address>
         <run_address>0x3775</run_address>
         <size>0x116e</size>
         <input_file_ref idref="fl-6"/>
      </object_component>
      <object_component id="oc-35">
         <name>.debug_info</name>
         <load_address>0x48e3</load_address>
         <run_address>0x48e3</run_address>
         <size>0x339</size>
         <input_file_ref idref="fl-9"/>
      </object_component>
      <object_component id="oc-13">
         <name>.debug_info</name>
         <load_address>0x4c1c</load_address>
         <run_address>0x4c1c</run_address>
         <size>0xe8</size>
         <input_file_ref idref="fl-9"/>
      </object_component>
      <object_component id="oc-2a">
         <name>.debug_info</name>
         <load_address>0x4d04</load_address>
         <run_address>0x4d04</run_address>
         <size>0x264</size>
         <input_file_ref idref="fl-9"/>
      </object_component>
      <object_component id="oc-108">
         <name>.debug_info</name>
         <load_address>0x4f68</load_address>
         <run_address>0x4f68</run_address>
         <size>0x348</size>
         <input_file_ref idref="fl-a"/>
      </object_component>
      <object_component id="oc-75">
         <name>.debug_info</name>
         <load_address>0x52b0</load_address>
         <run_address>0x52b0</run_address>
         <size>0x3c1</size>
         <input_file_ref idref="fl-a"/>
      </object_component>
      <object_component id="oc-b8">
         <name>.debug_info</name>
         <load_address>0x5671</load_address>
         <run_address>0x5671</run_address>
         <size>0x11f</size>
         <input_file_ref idref="fl-b"/>
      </object_component>
      <object_component id="oc-13a">
         <name>.debug_info</name>
         <load_address>0x5790</load_address>
         <run_address>0x5790</run_address>
         <size>0x2a9</size>
         <input_file_ref idref="fl-c5"/>
      </object_component>
      <object_component id="oc-95">
         <name>.debug_info</name>
         <load_address>0x5a39</load_address>
         <run_address>0x5a39</run_address>
         <size>0x247</size>
         <input_file_ref idref="fl-c5"/>
      </object_component>
      <object_component id="oc-1fe">
         <name>.debug_info</name>
         <load_address>0x5c80</load_address>
         <run_address>0x5c80</run_address>
         <size>0x46</size>
         <input_file_ref idref="fl-c5"/>
      </object_component>
      <object_component id="oc-13b">
         <name>.debug_info</name>
         <load_address>0x5cc6</load_address>
         <run_address>0x5cc6</run_address>
         <size>0x39</size>
         <input_file_ref idref="fl-c5"/>
      </object_component>
      <object_component id="oc-28d">
         <name>.debug_info</name>
         <load_address>0x5cff</load_address>
         <run_address>0x5cff</run_address>
         <size>0x2f2</size>
         <input_file_ref idref="fl-c6"/>
      </object_component>
      <object_component id="oc-1f9">
         <name>.debug_info</name>
         <load_address>0x5ff1</load_address>
         <run_address>0x5ff1</run_address>
         <size>0x131</size>
         <input_file_ref idref="fl-c6"/>
      </object_component>
      <object_component id="oc-137">
         <name>.debug_info</name>
         <load_address>0x6122</load_address>
         <run_address>0x6122</run_address>
         <size>0x4ac</size>
         <input_file_ref idref="fl-c6"/>
      </object_component>
      <object_component id="oc-11c">
         <name>.debug_info</name>
         <load_address>0x65ce</load_address>
         <run_address>0x65ce</run_address>
         <size>0x333</size>
         <input_file_ref idref="fl-c7"/>
      </object_component>
      <object_component id="oc-7c">
         <name>.debug_info</name>
         <load_address>0x6901</load_address>
         <run_address>0x6901</run_address>
         <size>0x1d1</size>
         <input_file_ref idref="fl-c7"/>
      </object_component>
      <object_component id="oc-110">
         <name>.debug_info</name>
         <load_address>0x6ad2</load_address>
         <run_address>0x6ad2</run_address>
         <size>0x18d</size>
         <input_file_ref idref="fl-c7"/>
      </object_component>
      <object_component id="oc-116">
         <name>.debug_info</name>
         <load_address>0x6c5f</load_address>
         <run_address>0x6c5f</run_address>
         <size>0x16d</size>
         <input_file_ref idref="fl-c7"/>
      </object_component>
      <object_component id="oc-279">
         <name>.debug_info</name>
         <load_address>0x6dcc</load_address>
         <run_address>0x6dcc</run_address>
         <size>0x2c</size>
         <input_file_ref idref="fl-c7"/>
      </object_component>
      <object_component id="oc-aa">
         <name>.debug_info</name>
         <load_address>0x6df8</load_address>
         <run_address>0x6df8</run_address>
         <size>0x14c</size>
         <input_file_ref idref="fl-c8"/>
      </object_component>
      <object_component id="oc-1b3">
         <name>.debug_info</name>
         <load_address>0x6f44</load_address>
         <run_address>0x6f44</run_address>
         <size>0x128</size>
         <input_file_ref idref="fl-c9"/>
      </object_component>
      <object_component id="oc-1f5">
         <name>.debug_info</name>
         <load_address>0x706c</load_address>
         <run_address>0x706c</run_address>
         <size>0x12a</size>
         <input_file_ref idref="fl-c9"/>
      </object_component>
      <object_component id="oc-9f">
         <name>.debug_info</name>
         <load_address>0x7196</load_address>
         <run_address>0x7196</run_address>
         <size>0x13a</size>
         <input_file_ref idref="fl-ca"/>
      </object_component>
      <object_component id="oc-99">
         <name>.debug_info</name>
         <load_address>0x72d0</load_address>
         <run_address>0x72d0</run_address>
         <size>0x13a</size>
         <input_file_ref idref="fl-cb"/>
      </object_component>
      <object_component id="oc-ae">
         <name>.debug_info</name>
         <load_address>0x740a</load_address>
         <run_address>0x740a</run_address>
         <size>0x12e</size>
         <input_file_ref idref="fl-cc"/>
      </object_component>
      <object_component id="oc-8d">
         <name>.debug_info</name>
         <load_address>0x7538</load_address>
         <run_address>0x7538</run_address>
         <size>0x12c</size>
         <input_file_ref idref="fl-cd"/>
      </object_component>
      <object_component id="oc-a5">
         <name>.debug_info</name>
         <load_address>0x7664</load_address>
         <run_address>0x7664</run_address>
         <size>0x12c</size>
         <input_file_ref idref="fl-ce"/>
      </object_component>
      <object_component id="oc-44">
         <name>.debug_info</name>
         <load_address>0x7790</load_address>
         <run_address>0x7790</run_address>
         <size>0x119</size>
         <input_file_ref idref="fl-cf"/>
      </object_component>
      <object_component id="oc-e9">
         <name>.debug_info</name>
         <load_address>0x78a9</load_address>
         <run_address>0x78a9</run_address>
         <size>0x2d4</size>
         <input_file_ref idref="fl-d0"/>
      </object_component>
      <object_component id="oc-51">
         <name>.debug_info</name>
         <load_address>0x7b7d</load_address>
         <run_address>0x7b7d</run_address>
         <size>0x1d2</size>
         <input_file_ref idref="fl-d0"/>
      </object_component>
      <object_component id="oc-e4">
         <name>.debug_info</name>
         <load_address>0x7d4f</load_address>
         <run_address>0x7d4f</run_address>
         <size>0x46</size>
         <input_file_ref idref="fl-d0"/>
      </object_component>
      <object_component id="oc-156">
         <name>.debug_info</name>
         <load_address>0x7d95</load_address>
         <run_address>0x7d95</run_address>
         <size>0x2c</size>
         <input_file_ref idref="fl-d0"/>
      </object_component>
      <object_component id="oc-4c">
         <name>.debug_info</name>
         <load_address>0x7dc1</load_address>
         <run_address>0x7dc1</run_address>
         <size>0x2a8</size>
         <input_file_ref idref="fl-d1"/>
      </object_component>
      <object_component id="oc-1f">
         <name>.debug_info</name>
         <load_address>0x8069</load_address>
         <run_address>0x8069</run_address>
         <size>0x1ea</size>
         <input_file_ref idref="fl-d1"/>
      </object_component>
      <object_component id="oc-47">
         <name>.debug_info</name>
         <load_address>0x8253</load_address>
         <run_address>0x8253</run_address>
         <size>0x46</size>
         <input_file_ref idref="fl-d1"/>
      </object_component>
      <object_component id="oc-dc">
         <name>.debug_info</name>
         <load_address>0x8299</load_address>
         <run_address>0x8299</run_address>
         <size>0x2c</size>
         <input_file_ref idref="fl-d1"/>
      </object_component>
      <object_component id="oc-da">
         <name>.debug_info</name>
         <load_address>0x82c5</load_address>
         <run_address>0x82c5</run_address>
         <size>0x29e</size>
         <input_file_ref idref="fl-d2"/>
      </object_component>
      <object_component id="oc-19">
         <name>.debug_info</name>
         <load_address>0x8563</load_address>
         <run_address>0x8563</run_address>
         <size>0x250</size>
         <input_file_ref idref="fl-d2"/>
      </object_component>
      <object_component id="oc-37">
         <name>.debug_info</name>
         <load_address>0x87b3</load_address>
         <run_address>0x87b3</run_address>
         <size>0x60</size>
         <input_file_ref idref="fl-d2"/>
      </object_component>
      <object_component id="oc-14f">
         <name>.debug_info</name>
         <load_address>0x8813</load_address>
         <run_address>0x8813</run_address>
         <size>0x46</size>
         <input_file_ref idref="fl-d2"/>
      </object_component>
      <object_component id="oc-d5">
         <name>.debug_info</name>
         <load_address>0x8859</load_address>
         <run_address>0x8859</run_address>
         <size>0x39</size>
         <input_file_ref idref="fl-d2"/>
      </object_component>
      <object_component id="oc-25">
         <name>.debug_info</name>
         <load_address>0x8892</load_address>
         <run_address>0x8892</run_address>
         <size>0x10b</size>
         <input_file_ref idref="fl-d3"/>
      </object_component>
      <object_component id="oc-62">
         <name>.debug_info</name>
         <load_address>0x899d</load_address>
         <run_address>0x899d</run_address>
         <size>0x1a9</size>
         <input_file_ref idref="fl-d3"/>
      </object_component>
      <object_component id="oc-1e1">
         <name>.debug_info</name>
         <load_address>0x8b46</load_address>
         <run_address>0x8b46</run_address>
         <size>0x590</size>
         <input_file_ref idref="fl-d4"/>
      </object_component>
      <object_component id="oc-1ae">
         <name>.debug_info</name>
         <load_address>0x90d6</load_address>
         <run_address>0x90d6</run_address>
         <size>0x21e</size>
         <input_file_ref idref="fl-d4"/>
      </object_component>
      <object_component id="oc-23e">
         <name>.debug_info</name>
         <load_address>0x92f4</load_address>
         <run_address>0x92f4</run_address>
         <size>0x1b3</size>
         <input_file_ref idref="fl-d4"/>
      </object_component>
      <object_component id="oc-244">
         <name>.debug_info</name>
         <load_address>0x94a7</load_address>
         <run_address>0x94a7</run_address>
         <size>0x21b</size>
         <input_file_ref idref="fl-d4"/>
      </object_component>
      <object_component id="oc-1b9">
         <name>.debug_info</name>
         <load_address>0x96c2</load_address>
         <run_address>0x96c2</run_address>
         <size>0x3c0</size>
         <input_file_ref idref="fl-d4"/>
      </object_component>
      <object_component id="oc-24b">
         <name>.debug_info</name>
         <load_address>0x9a82</load_address>
         <run_address>0x9a82</run_address>
         <size>0x30a</size>
         <input_file_ref idref="fl-d4"/>
      </object_component>
      <object_component id="oc-251">
         <name>.debug_info</name>
         <load_address>0x9d8c</load_address>
         <run_address>0x9d8c</run_address>
         <size>0x215</size>
         <input_file_ref idref="fl-d4"/>
      </object_component>
      <object_component id="oc-1bf">
         <name>.debug_info</name>
         <load_address>0x9fa1</load_address>
         <run_address>0x9fa1</run_address>
         <size>0x215</size>
         <input_file_ref idref="fl-d4"/>
      </object_component>
      <object_component id="oc-1c5">
         <name>.debug_info</name>
         <load_address>0xa1b6</load_address>
         <run_address>0xa1b6</run_address>
         <size>0x304</size>
         <input_file_ref idref="fl-d4"/>
      </object_component>
      <object_component id="oc-1cb">
         <name>.debug_info</name>
         <load_address>0xa4ba</load_address>
         <run_address>0xa4ba</run_address>
         <size>0x4b5</size>
         <input_file_ref idref="fl-d4"/>
      </object_component>
      <object_component id="oc-10c">
         <name>.debug_info</name>
         <load_address>0xa96f</load_address>
         <run_address>0xa96f</run_address>
         <size>0x5f4</size>
         <input_file_ref idref="fl-d4"/>
      </object_component>
      <object_component id="oc-1e2">
         <name>.debug_info</name>
         <load_address>0xaf63</load_address>
         <run_address>0xaf63</run_address>
         <size>0x86</size>
         <input_file_ref idref="fl-d4"/>
      </object_component>
      <object_component id="oc-27e">
         <name>.debug_info</name>
         <load_address>0xafe9</load_address>
         <run_address>0xafe9</run_address>
         <size>0x39</size>
         <input_file_ref idref="fl-d4"/>
      </object_component>
      <object_component id="oc-2e1">
         <name>.debug_info</name>
         <load_address>0xb022</load_address>
         <run_address>0xb022</run_address>
         <size>0xb6</size>
         <input_file_ref idref="fl-d4"/>
      </object_component>
      <object_component id="oc-283">
         <name>.debug_info</name>
         <load_address>0xb0d8</load_address>
         <run_address>0xb0d8</run_address>
         <size>0x46</size>
         <input_file_ref idref="fl-d4"/>
      </object_component>
      <object_component id="oc-1e7">
         <name>.debug_info</name>
         <load_address>0xb11e</load_address>
         <run_address>0xb11e</run_address>
         <size>0x46</size>
         <input_file_ref idref="fl-d4"/>
      </object_component>
      <object_component id="oc-ed">
         <name>.debug_info</name>
         <load_address>0xb164</load_address>
         <run_address>0xb164</run_address>
         <size>0x147</size>
         <input_file_ref idref="fl-d5"/>
      </object_component>
      <object_component id="oc-231">
         <name>.debug_info</name>
         <load_address>0xb2ab</load_address>
         <run_address>0xb2ab</run_address>
         <size>0x134</size>
         <input_file_ref idref="fl-d6"/>
      </object_component>
      <object_component id="oc-212">
         <name>.debug_info</name>
         <load_address>0xb3df</load_address>
         <run_address>0xb3df</run_address>
         <size>0x4b3</size>
         <input_file_ref idref="fl-d7"/>
      </object_component>
      <object_component id="oc-16d">
         <name>.debug_info</name>
         <load_address>0xb892</load_address>
         <run_address>0xb892</run_address>
         <size>0x1a6</size>
         <input_file_ref idref="fl-d7"/>
      </object_component>
      <object_component id="oc-29f">
         <name>.debug_info</name>
         <load_address>0xba38</load_address>
         <run_address>0xba38</run_address>
         <size>0x39</size>
         <input_file_ref idref="fl-d7"/>
      </object_component>
      <object_component id="oc-2eb">
         <name>.debug_info</name>
         <load_address>0xba71</load_address>
         <run_address>0xba71</run_address>
         <size>0x39</size>
         <input_file_ref idref="fl-d7"/>
      </object_component>
      <object_component id="oc-2a4">
         <name>.debug_info</name>
         <load_address>0xbaaa</load_address>
         <run_address>0xbaaa</run_address>
         <size>0x39</size>
         <input_file_ref idref="fl-d7"/>
      </object_component>
      <object_component id="oc-2a9">
         <name>.debug_info</name>
         <load_address>0xbae3</load_address>
         <run_address>0xbae3</run_address>
         <size>0xcd</size>
         <input_file_ref idref="fl-d7"/>
      </object_component>
      <object_component id="oc-f1">
         <name>.debug_info</name>
         <load_address>0xbbb0</load_address>
         <run_address>0xbbb0</run_address>
         <size>0x153</size>
         <input_file_ref idref="fl-d8"/>
      </object_component>
      <object_component id="oc-162">
         <name>.debug_info</name>
         <load_address>0xbd03</load_address>
         <run_address>0xbd03</run_address>
         <size>0x122</size>
         <input_file_ref idref="fl-da"/>
      </object_component>
      <object_component id="oc-2be">
         <name>.debug_info</name>
         <load_address>0xbe25</load_address>
         <run_address>0xbe25</run_address>
         <size>0x29c</size>
         <input_file_ref idref="fl-dc"/>
      </object_component>
      <object_component id="oc-239">
         <name>.debug_info</name>
         <load_address>0xc0c1</load_address>
         <run_address>0xc0c1</run_address>
         <size>0x1da</size>
         <input_file_ref idref="fl-dc"/>
      </object_component>
      <object_component id="oc-22d">
         <name>.debug_info</name>
         <load_address>0xc29b</load_address>
         <run_address>0xc29b</run_address>
         <size>0x2b9</size>
         <input_file_ref idref="fl-de"/>
      </object_component>
      <object_component id="oc-1a8">
         <name>.debug_info</name>
         <load_address>0xc554</load_address>
         <run_address>0xc554</run_address>
         <size>0x17c</size>
         <input_file_ref idref="fl-de"/>
      </object_component>
      <object_component id="oc-2b4">
         <name>.debug_info</name>
         <load_address>0xc6d0</load_address>
         <run_address>0xc6d0</run_address>
         <size>0xf9</size>
         <input_file_ref idref="fl-df"/>
      </object_component>
      <object_component id="oc-22a">
         <name>.debug_info</name>
         <load_address>0xc7c9</load_address>
         <run_address>0xc7c9</run_address>
         <size>0x105</size>
         <input_file_ref idref="fl-df"/>
      </object_component>
      <object_component id="oc-26a">
         <name>.debug_info</name>
         <load_address>0xc8ce</load_address>
         <run_address>0xc8ce</run_address>
         <size>0x2a7</size>
         <input_file_ref idref="fl-e0"/>
      </object_component>
      <object_component id="oc-1d0">
         <name>.debug_info</name>
         <load_address>0xcb75</load_address>
         <run_address>0xcb75</run_address>
         <size>0x1b8</size>
         <input_file_ref idref="fl-e0"/>
      </object_component>
      <object_component id="oc-2d3">
         <name>.debug_info</name>
         <load_address>0xcd2d</load_address>
         <run_address>0xcd2d</run_address>
         <size>0x29a</size>
         <input_file_ref idref="fl-e1"/>
      </object_component>
      <object_component id="oc-263">
         <name>.debug_info</name>
         <load_address>0xcfc7</load_address>
         <run_address>0xcfc7</run_address>
         <size>0x262</size>
         <input_file_ref idref="fl-e1"/>
      </object_component>
      <object_component id="oc-228">
         <name>.debug_info</name>
         <load_address>0xd229</load_address>
         <run_address>0xd229</run_address>
         <size>0x28f</size>
         <input_file_ref idref="fl-e2"/>
      </object_component>
      <object_component id="oc-1a0">
         <name>.debug_info</name>
         <load_address>0xd4b8</load_address>
         <run_address>0xd4b8</run_address>
         <size>0x245</size>
         <input_file_ref idref="fl-e2"/>
      </object_component>
      <object_component id="oc-276">
         <name>.debug_info</name>
         <load_address>0xd6fd</load_address>
         <run_address>0xd6fd</run_address>
         <size>0x289</size>
         <input_file_ref idref="fl-e3"/>
      </object_component>
      <object_component id="oc-273">
         <name>.debug_info</name>
         <load_address>0xd986</load_address>
         <run_address>0xd986</run_address>
         <size>0x10e</size>
         <input_file_ref idref="fl-e3"/>
      </object_component>
      <object_component id="oc-1db">
         <name>.debug_info</name>
         <load_address>0xda94</load_address>
         <run_address>0xda94</run_address>
         <size>0x14e</size>
         <input_file_ref idref="fl-e3"/>
      </object_component>
      <object_component id="oc-271">
         <name>.debug_info</name>
         <load_address>0xdbe2</load_address>
         <run_address>0xdbe2</run_address>
         <size>0x28f</size>
         <input_file_ref idref="fl-e4"/>
      </object_component>
      <object_component id="oc-1d7">
         <name>.debug_info</name>
         <load_address>0xde71</load_address>
         <run_address>0xde71</run_address>
         <size>0x15a</size>
         <input_file_ref idref="fl-e4"/>
      </object_component>
      <object_component id="oc-2d6">
         <name>.debug_info</name>
         <load_address>0xdfcb</load_address>
         <run_address>0xdfcb</run_address>
         <size>0x46</size>
         <input_file_ref idref="fl-e4"/>
      </object_component>
      <object_component id="oc-26c">
         <name>.debug_info</name>
         <load_address>0xe011</load_address>
         <run_address>0xe011</run_address>
         <size>0x39</size>
         <input_file_ref idref="fl-e4"/>
      </object_component>
      <object_component id="oc-2c4">
         <name>.debug_info</name>
         <load_address>0xe04a</load_address>
         <run_address>0xe04a</run_address>
         <size>0x295</size>
         <input_file_ref idref="fl-e5"/>
      </object_component>
      <object_component id="oc-257">
         <name>.debug_info</name>
         <load_address>0xe2df</load_address>
         <run_address>0xe2df</run_address>
         <size>0x195</size>
         <input_file_ref idref="fl-e5"/>
      </object_component>
      <object_component id="oc-2fe">
         <name>.debug_info</name>
         <load_address>0xe474</load_address>
         <run_address>0xe474</run_address>
         <size>0x39</size>
         <input_file_ref idref="fl-e5"/>
      </object_component>
      <object_component id="oc-2c5">
         <name>.debug_info</name>
         <load_address>0xe4ad</load_address>
         <run_address>0xe4ad</run_address>
         <size>0x2c</size>
         <input_file_ref idref="fl-e5"/>
      </object_component>
      <object_component id="oc-2d1">
         <name>.debug_info</name>
         <load_address>0xe4d9</load_address>
         <run_address>0xe4d9</run_address>
         <size>0x2f8</size>
         <input_file_ref idref="fl-e6"/>
      </object_component>
      <object_component id="oc-25d">
         <name>.debug_info</name>
         <load_address>0xe7d1</load_address>
         <run_address>0xe7d1</run_address>
         <size>0x225</size>
         <input_file_ref idref="fl-e6"/>
      </object_component>
      <object_component id="oc-2ba">
         <name>.debug_info</name>
         <load_address>0xe9f6</load_address>
         <run_address>0xe9f6</run_address>
         <size>0x115</size>
         <input_file_ref idref="fl-e7"/>
      </object_component>
      <object_component id="oc-2cb">
         <name>.debug_info</name>
         <load_address>0xeb0b</load_address>
         <run_address>0xeb0b</run_address>
         <size>0x161</size>
         <input_file_ref idref="fl-e8"/>
      </object_component>
      <object_component id="oc-337">
         <name>.debug_info</name>
         <load_address>0xec6c</load_address>
         <run_address>0xec6c</run_address>
         <size>0x9b</size>
      </object_component>
      <object_component id="oc-206">
         <name>.debug_line</name>
         <load_address>0x0</load_address>
         <run_address>0x0</run_address>
         <size>0x20</size>
         <input_file_ref idref="fl-2"/>
      </object_component>
      <object_component id="oc-bd">
         <name>.debug_line</name>
         <load_address>0x20</load_address>
         <run_address>0x20</run_address>
         <size>0x43</size>
         <input_file_ref idref="fl-2"/>
      </object_component>
      <object_component id="oc-d3">
         <name>.debug_line</name>
         <load_address>0x63</load_address>
         <run_address>0x63</run_address>
         <size>0x6f</size>
         <input_file_ref idref="fl-2"/>
      </object_component>
      <object_component id="oc-3f">
         <name>.debug_line</name>
         <load_address>0xd2</load_address>
         <run_address>0xd2</run_address>
         <size>0x20</size>
         <input_file_ref idref="fl-2"/>
      </object_component>
      <object_component id="oc-14c">
         <name>.debug_line</name>
         <load_address>0xf2</load_address>
         <run_address>0xf2</run_address>
         <size>0x73</size>
         <input_file_ref idref="fl-2"/>
      </object_component>
      <object_component id="oc-cc">
         <name>.debug_line</name>
         <load_address>0x165</load_address>
         <run_address>0x165</run_address>
         <size>0x70</size>
         <input_file_ref idref="fl-2"/>
      </object_component>
      <object_component id="oc-289">
         <name>.debug_line</name>
         <load_address>0x1d5</load_address>
         <run_address>0x1d5</run_address>
         <size>0x20</size>
         <input_file_ref idref="fl-3"/>
      </object_component>
      <object_component id="oc-120">
         <name>.debug_line</name>
         <load_address>0x1f5</load_address>
         <run_address>0x1f5</run_address>
         <size>0x6b</size>
         <input_file_ref idref="fl-3"/>
      </object_component>
      <object_component id="oc-127">
         <name>.debug_line</name>
         <load_address>0x260</load_address>
         <run_address>0x260</run_address>
         <size>0x74</size>
         <input_file_ref idref="fl-3"/>
      </object_component>
      <object_component id="oc-204">
         <name>.debug_line</name>
         <load_address>0x2d4</load_address>
         <run_address>0x2d4</run_address>
         <size>0x20</size>
         <input_file_ref idref="fl-4"/>
      </object_component>
      <object_component id="oc-c5">
         <name>.debug_line</name>
         <load_address>0x2f4</load_address>
         <run_address>0x2f4</run_address>
         <size>0x3d4</size>
         <input_file_ref idref="fl-4"/>
      </object_component>
      <object_component id="oc-12c">
         <name>.debug_line</name>
         <load_address>0x6c8</load_address>
         <run_address>0x6c8</run_address>
         <size>0x2d</size>
         <input_file_ref idref="fl-4"/>
      </object_component>
      <object_component id="oc-106">
         <name>.debug_line</name>
         <load_address>0x6f5</load_address>
         <run_address>0x6f5</run_address>
         <size>0x20</size>
         <input_file_ref idref="fl-4"/>
      </object_component>
      <object_component id="oc-1f2">
         <name>.debug_line</name>
         <load_address>0x715</load_address>
         <run_address>0x715</run_address>
         <size>0x2d</size>
         <input_file_ref idref="fl-5"/>
      </object_component>
      <object_component id="oc-8b">
         <name>.debug_line</name>
         <load_address>0x742</load_address>
         <run_address>0x742</run_address>
         <size>0x1d0</size>
         <input_file_ref idref="fl-5"/>
      </object_component>
      <object_component id="oc-123">
         <name>.debug_line</name>
         <load_address>0x912</load_address>
         <run_address>0x912</run_address>
         <size>0x103</size>
         <input_file_ref idref="fl-6"/>
      </object_component>
      <object_component id="oc-12f">
         <name>.debug_line</name>
         <load_address>0xa15</load_address>
         <run_address>0xa15</run_address>
         <size>0x2d</size>
         <input_file_ref idref="fl-6"/>
      </object_component>
      <object_component id="oc-31">
         <name>.debug_line</name>
         <load_address>0xa42</load_address>
         <run_address>0xa42</run_address>
         <size>0x5a8</size>
         <input_file_ref idref="fl-6"/>
      </object_component>
      <object_component id="oc-cf">
         <name>.debug_line</name>
         <load_address>0xfea</load_address>
         <run_address>0xfea</run_address>
         <size>0x41</size>
         <input_file_ref idref="fl-9"/>
      </object_component>
      <object_component id="oc-34">
         <name>.debug_line</name>
         <load_address>0x102b</load_address>
         <run_address>0x102b</run_address>
         <size>0x41</size>
         <input_file_ref idref="fl-9"/>
      </object_component>
      <object_component id="oc-2c">
         <name>.debug_line</name>
         <load_address>0x106c</load_address>
         <run_address>0x106c</run_address>
         <size>0xa1</size>
         <input_file_ref idref="fl-9"/>
      </object_component>
      <object_component id="oc-19e">
         <name>.debug_line</name>
         <load_address>0x110d</load_address>
         <run_address>0x110d</run_address>
         <size>0x2d</size>
         <input_file_ref idref="fl-a"/>
      </object_component>
      <object_component id="oc-79">
         <name>.debug_line</name>
         <load_address>0x113a</load_address>
         <run_address>0x113a</run_address>
         <size>0xe6</size>
         <input_file_ref idref="fl-a"/>
      </object_component>
      <object_component id="oc-b7">
         <name>.debug_line</name>
         <load_address>0x1220</load_address>
         <run_address>0x1220</run_address>
         <size>0x4c</size>
         <input_file_ref idref="fl-b"/>
      </object_component>
      <object_component id="oc-1fd">
         <name>.debug_line</name>
         <load_address>0x126c</load_address>
         <run_address>0x126c</run_address>
         <size>0x2a</size>
         <input_file_ref idref="fl-c5"/>
      </object_component>
      <object_component id="oc-94">
         <name>.debug_line</name>
         <load_address>0x1296</load_address>
         <run_address>0x1296</run_address>
         <size>0xe0</size>
         <input_file_ref idref="fl-c5"/>
      </object_component>
      <object_component id="oc-201">
         <name>.debug_line</name>
         <load_address>0x1376</load_address>
         <run_address>0x1376</run_address>
         <size>0x9a</size>
         <input_file_ref idref="fl-c5"/>
      </object_component>
      <object_component id="oc-13e">
         <name>.debug_line</name>
         <load_address>0x1410</load_address>
         <run_address>0x1410</run_address>
         <size>0x97</size>
         <input_file_ref idref="fl-c5"/>
      </object_component>
      <object_component id="oc-2e7">
         <name>.debug_line</name>
         <load_address>0x14a7</load_address>
         <run_address>0x14a7</run_address>
         <size>0x20</size>
         <input_file_ref idref="fl-c6"/>
      </object_component>
      <object_component id="oc-28c">
         <name>.debug_line</name>
         <load_address>0x14c7</load_address>
         <run_address>0x14c7</run_address>
         <size>0x2c</size>
         <input_file_ref idref="fl-c6"/>
      </object_component>
      <object_component id="oc-136">
         <name>.debug_line</name>
         <load_address>0x14f3</load_address>
         <run_address>0x14f3</run_address>
         <size>0xc8</size>
         <input_file_ref idref="fl-c6"/>
      </object_component>
      <object_component id="oc-1ef">
         <name>.debug_line</name>
         <load_address>0x15bb</load_address>
         <run_address>0x15bb</run_address>
         <size>0x2d</size>
         <input_file_ref idref="fl-c7"/>
      </object_component>
      <object_component id="oc-7b">
         <name>.debug_line</name>
         <load_address>0x15e8</load_address>
         <run_address>0x15e8</run_address>
         <size>0x4b</size>
         <input_file_ref idref="fl-c7"/>
      </object_component>
      <object_component id="oc-113">
         <name>.debug_line</name>
         <load_address>0x1633</load_address>
         <run_address>0x1633</run_address>
         <size>0x4b</size>
         <input_file_ref idref="fl-c7"/>
      </object_component>
      <object_component id="oc-119">
         <name>.debug_line</name>
         <load_address>0x167e</load_address>
         <run_address>0x167e</run_address>
         <size>0x3f</size>
         <input_file_ref idref="fl-c7"/>
      </object_component>
      <object_component id="oc-27c">
         <name>.debug_line</name>
         <load_address>0x16bd</load_address>
         <run_address>0x16bd</run_address>
         <size>0x91</size>
         <input_file_ref idref="fl-c7"/>
      </object_component>
      <object_component id="oc-a8">
         <name>.debug_line</name>
         <load_address>0x174e</load_address>
         <run_address>0x174e</run_address>
         <size>0xd2</size>
         <input_file_ref idref="fl-c8"/>
      </object_component>
      <object_component id="oc-1b5">
         <name>.debug_line</name>
         <load_address>0x1820</load_address>
         <run_address>0x1820</run_address>
         <size>0x77</size>
         <input_file_ref idref="fl-c9"/>
      </object_component>
      <object_component id="oc-1f7">
         <name>.debug_line</name>
         <load_address>0x1897</load_address>
         <run_address>0x1897</run_address>
         <size>0x77</size>
         <input_file_ref idref="fl-c9"/>
      </object_component>
      <object_component id="oc-9d">
         <name>.debug_line</name>
         <load_address>0x190e</load_address>
         <run_address>0x190e</run_address>
         <size>0xa8</size>
         <input_file_ref idref="fl-ca"/>
      </object_component>
      <object_component id="oc-9b">
         <name>.debug_line</name>
         <load_address>0x19b6</load_address>
         <run_address>0x19b6</run_address>
         <size>0x8e</size>
         <input_file_ref idref="fl-cb"/>
      </object_component>
      <object_component id="oc-b1">
         <name>.debug_line</name>
         <load_address>0x1a44</load_address>
         <run_address>0x1a44</run_address>
         <size>0x5a</size>
         <input_file_ref idref="fl-cc"/>
      </object_component>
      <object_component id="oc-90">
         <name>.debug_line</name>
         <load_address>0x1a9e</load_address>
         <run_address>0x1a9e</run_address>
         <size>0x57</size>
         <input_file_ref idref="fl-cd"/>
      </object_component>
      <object_component id="oc-a4">
         <name>.debug_line</name>
         <load_address>0x1af5</load_address>
         <run_address>0x1af5</run_address>
         <size>0x50</size>
         <input_file_ref idref="fl-ce"/>
      </object_component>
      <object_component id="oc-43">
         <name>.debug_line</name>
         <load_address>0x1b45</load_address>
         <run_address>0x1b45</run_address>
         <size>0x88</size>
         <input_file_ref idref="fl-cf"/>
      </object_component>
      <object_component id="oc-15c">
         <name>.debug_line</name>
         <load_address>0x1bcd</load_address>
         <run_address>0x1bcd</run_address>
         <size>0x92</size>
         <input_file_ref idref="fl-d0"/>
      </object_component>
      <object_component id="oc-50">
         <name>.debug_line</name>
         <load_address>0x1c5f</load_address>
         <run_address>0x1c5f</run_address>
         <size>0x4c</size>
         <input_file_ref idref="fl-d0"/>
      </object_component>
      <object_component id="oc-e7">
         <name>.debug_line</name>
         <load_address>0x1cab</load_address>
         <run_address>0x1cab</run_address>
         <size>0x34</size>
         <input_file_ref idref="fl-d0"/>
      </object_component>
      <object_component id="oc-159">
         <name>.debug_line</name>
         <load_address>0x1cdf</load_address>
         <run_address>0x1cdf</run_address>
         <size>0x92</size>
         <input_file_ref idref="fl-d0"/>
      </object_component>
      <object_component id="oc-e2">
         <name>.debug_line</name>
         <load_address>0x1d71</load_address>
         <run_address>0x1d71</run_address>
         <size>0x20</size>
         <input_file_ref idref="fl-d1"/>
      </object_component>
      <object_component id="oc-1d">
         <name>.debug_line</name>
         <load_address>0x1d91</load_address>
         <run_address>0x1d91</run_address>
         <size>0x55</size>
         <input_file_ref idref="fl-d1"/>
      </object_component>
      <object_component id="oc-4a">
         <name>.debug_line</name>
         <load_address>0x1de6</load_address>
         <run_address>0x1de6</run_address>
         <size>0x3a</size>
         <input_file_ref idref="fl-d1"/>
      </object_component>
      <object_component id="oc-df">
         <name>.debug_line</name>
         <load_address>0x1e20</load_address>
         <run_address>0x1e20</run_address>
         <size>0x92</size>
         <input_file_ref idref="fl-d1"/>
      </object_component>
      <object_component id="oc-155">
         <name>.debug_line</name>
         <load_address>0x1eb2</load_address>
         <run_address>0x1eb2</run_address>
         <size>0x20</size>
         <input_file_ref idref="fl-d2"/>
      </object_component>
      <object_component id="oc-17">
         <name>.debug_line</name>
         <load_address>0x1ed2</load_address>
         <run_address>0x1ed2</run_address>
         <size>0xa9</size>
         <input_file_ref idref="fl-d2"/>
      </object_component>
      <object_component id="oc-3a">
         <name>.debug_line</name>
         <load_address>0x1f7b</load_address>
         <run_address>0x1f7b</run_address>
         <size>0x3a</size>
         <input_file_ref idref="fl-d2"/>
      </object_component>
      <object_component id="oc-152">
         <name>.debug_line</name>
         <load_address>0x1fb5</load_address>
         <run_address>0x1fb5</run_address>
         <size>0x9a</size>
         <input_file_ref idref="fl-d2"/>
      </object_component>
      <object_component id="oc-d8">
         <name>.debug_line</name>
         <load_address>0x204f</load_address>
         <run_address>0x204f</run_address>
         <size>0x96</size>
         <input_file_ref idref="fl-d2"/>
      </object_component>
      <object_component id="oc-72">
         <name>.debug_line</name>
         <load_address>0x20e5</load_address>
         <run_address>0x20e5</run_address>
         <size>0x33</size>
         <input_file_ref idref="fl-d3"/>
      </object_component>
      <object_component id="oc-64">
         <name>.debug_line</name>
         <load_address>0x2118</load_address>
         <run_address>0x2118</run_address>
         <size>0x45</size>
         <input_file_ref idref="fl-d3"/>
      </object_component>
      <object_component id="oc-278">
         <name>.debug_line</name>
         <load_address>0x215d</load_address>
         <run_address>0x215d</run_address>
         <size>0x264</size>
         <input_file_ref idref="fl-d4"/>
      </object_component>
      <object_component id="oc-1ac">
         <name>.debug_line</name>
         <load_address>0x23c1</load_address>
         <run_address>0x23c1</run_address>
         <size>0x7a</size>
         <input_file_ref idref="fl-d4"/>
      </object_component>
      <object_component id="oc-23d">
         <name>.debug_line</name>
         <load_address>0x243b</load_address>
         <run_address>0x243b</run_address>
         <size>0x51</size>
         <input_file_ref idref="fl-d4"/>
      </object_component>
      <object_component id="oc-242">
         <name>.debug_line</name>
         <load_address>0x248c</load_address>
         <run_address>0x248c</run_address>
         <size>0x88</size>
         <input_file_ref idref="fl-d4"/>
      </object_component>
      <object_component id="oc-1b7">
         <name>.debug_line</name>
         <load_address>0x2514</load_address>
         <run_address>0x2514</run_address>
         <size>0x14b</size>
         <input_file_ref idref="fl-d4"/>
      </object_component>
      <object_component id="oc-24a">
         <name>.debug_line</name>
         <load_address>0x265f</load_address>
         <run_address>0x265f</run_address>
         <size>0xec</size>
         <input_file_ref idref="fl-d4"/>
      </object_component>
      <object_component id="oc-250">
         <name>.debug_line</name>
         <load_address>0x274b</load_address>
         <run_address>0x274b</run_address>
         <size>0x5d</size>
         <input_file_ref idref="fl-d4"/>
      </object_component>
      <object_component id="oc-1bd">
         <name>.debug_line</name>
         <load_address>0x27a8</load_address>
         <run_address>0x27a8</run_address>
         <size>0x5c</size>
         <input_file_ref idref="fl-d4"/>
      </object_component>
      <object_component id="oc-1c4">
         <name>.debug_line</name>
         <load_address>0x2804</load_address>
         <run_address>0x2804</run_address>
         <size>0xae</size>
         <input_file_ref idref="fl-d4"/>
      </object_component>
      <object_component id="oc-1ca">
         <name>.debug_line</name>
         <load_address>0x28b2</load_address>
         <run_address>0x28b2</run_address>
         <size>0x1ac</size>
         <input_file_ref idref="fl-d4"/>
      </object_component>
      <object_component id="oc-10a">
         <name>.debug_line</name>
         <load_address>0x2a5e</load_address>
         <run_address>0x2a5e</run_address>
         <size>0x76f</size>
         <input_file_ref idref="fl-d4"/>
      </object_component>
      <object_component id="oc-1e5">
         <name>.debug_line</name>
         <load_address>0x31cd</load_address>
         <run_address>0x31cd</run_address>
         <size>0x92</size>
         <input_file_ref idref="fl-d4"/>
      </object_component>
      <object_component id="oc-281">
         <name>.debug_line</name>
         <load_address>0x325f</load_address>
         <run_address>0x325f</run_address>
         <size>0x92</size>
         <input_file_ref idref="fl-d4"/>
      </object_component>
      <object_component id="oc-2e4">
         <name>.debug_line</name>
         <load_address>0x32f1</load_address>
         <run_address>0x32f1</run_address>
         <size>0x9a</size>
         <input_file_ref idref="fl-d4"/>
      </object_component>
      <object_component id="oc-286">
         <name>.debug_line</name>
         <load_address>0x338b</load_address>
         <run_address>0x338b</run_address>
         <size>0x97</size>
         <input_file_ref idref="fl-d4"/>
      </object_component>
      <object_component id="oc-1ea">
         <name>.debug_line</name>
         <load_address>0x3422</load_address>
         <run_address>0x3422</run_address>
         <size>0x2e</size>
         <input_file_ref idref="fl-d4"/>
      </object_component>
      <object_component id="oc-eb">
         <name>.debug_line</name>
         <load_address>0x3450</load_address>
         <run_address>0x3450</run_address>
         <size>0x79</size>
         <input_file_ref idref="fl-d5"/>
      </object_component>
      <object_component id="oc-230">
         <name>.debug_line</name>
         <load_address>0x34c9</load_address>
         <run_address>0x34c9</run_address>
         <size>0x81</size>
         <input_file_ref idref="fl-d6"/>
      </object_component>
      <object_component id="oc-29e">
         <name>.debug_line</name>
         <load_address>0x354a</load_address>
         <run_address>0x354a</run_address>
         <size>0xbf</size>
         <input_file_ref idref="fl-d7"/>
      </object_component>
      <object_component id="oc-16f">
         <name>.debug_line</name>
         <load_address>0x3609</load_address>
         <run_address>0x3609</run_address>
         <size>0x6f</size>
         <input_file_ref idref="fl-d7"/>
      </object_component>
      <object_component id="oc-2a2">
         <name>.debug_line</name>
         <load_address>0x3678</load_address>
         <run_address>0x3678</run_address>
         <size>0x2e</size>
         <input_file_ref idref="fl-d7"/>
      </object_component>
      <object_component id="oc-2ee">
         <name>.debug_line</name>
         <load_address>0x36a6</load_address>
         <run_address>0x36a6</run_address>
         <size>0x9a</size>
         <input_file_ref idref="fl-d7"/>
      </object_component>
      <object_component id="oc-2a7">
         <name>.debug_line</name>
         <load_address>0x3740</load_address>
         <run_address>0x3740</run_address>
         <size>0x97</size>
         <input_file_ref idref="fl-d7"/>
      </object_component>
      <object_component id="oc-2ac">
         <name>.debug_line</name>
         <load_address>0x37d7</load_address>
         <run_address>0x37d7</run_address>
         <size>0x93</size>
         <input_file_ref idref="fl-d7"/>
      </object_component>
      <object_component id="oc-f5">
         <name>.debug_line</name>
         <load_address>0x386a</load_address>
         <run_address>0x386a</run_address>
         <size>0x40</size>
         <input_file_ref idref="fl-d8"/>
      </object_component>
      <object_component id="oc-160">
         <name>.debug_line</name>
         <load_address>0x38aa</load_address>
         <run_address>0x38aa</run_address>
         <size>0x3c</size>
         <input_file_ref idref="fl-da"/>
      </object_component>
      <object_component id="oc-2fb">
         <name>.debug_line</name>
         <load_address>0x38e6</load_address>
         <run_address>0x38e6</run_address>
         <size>0x20</size>
         <input_file_ref idref="fl-dc"/>
      </object_component>
      <object_component id="oc-237">
         <name>.debug_line</name>
         <load_address>0x3906</load_address>
         <run_address>0x3906</run_address>
         <size>0x67</size>
         <input_file_ref idref="fl-dc"/>
      </object_component>
      <object_component id="oc-2b6">
         <name>.debug_line</name>
         <load_address>0x396d</load_address>
         <run_address>0x396d</run_address>
         <size>0x91</size>
         <input_file_ref idref="fl-de"/>
      </object_component>
      <object_component id="oc-1a6">
         <name>.debug_line</name>
         <load_address>0x39fe</load_address>
         <run_address>0x39fe</run_address>
         <size>0x62</size>
[...]
      </symbol>
      <symbol id="sm-2d1">
         <name>angle_roll</name>
         <value>0x20004360</value>
         <object_component_ref idref="oc-83"/>
      </symbol>
      <symbol id="sm-2d2">
         <name>angle_pitch</name>
         <value>0x20004358</value>
         <object_component_ref idref="oc-83"/>
      </symbol>
      <symbol id="sm-2d3">
         <name>wideTimer5Isr</name>
         <value>0x12d9</value>
         <object_component_ref idref="oc-2d"/>
      </symbol>
      <symbol id="sm-2d4">
         <name>calibrateGyro</name>
         <value>0x7dd</value>
         <object_component_ref idref="oc-2d"/>
      </symbol>
      <symbol id="sm-2d5">
         <name>initPidControllers</name>
         <value>0x369</value>
         <object_component_ref idref="oc-2d"/>
      </symbol>
      <symbol id="sm-2d6">
         <name>coeffK</name>
         <value>0x200042a4</value>
         <object_component_ref idref="oc-83"/>
      </symbol>
      <symbol id="sm-2d7">
         <name>u_low</name>
         <value>0x2000428c</value>
         <object_component_ref idref="oc-83"/>
      </symbol>
      <symbol id="sm-2d8">
         <name>pidIsr</name>
         <value>0xccd</value>
         <object_component_ref idref="oc-2d"/>
      </symbol>
      <symbol id="sm-2d9">
         <name>y</name>
         <value>0x200042b0</value>
         <object_component_ref idref="oc-83"/>
      </symbol>
      <symbol id="sm-2da">
         <name>u</name>
         <value>0x200042b4</value>
         <object_component_ref idref="oc-83"/>
      </symbol>
      <symbol id="sm-2db">
         <name>m</name>
         <value>0x200042c0</value>
         <object_component_ref idref="oc-83"/>
      </symbol>
      <symbol id="sm-2dc">
         <name>accel_y</name>
         <value>0x200042c6</value>
         <object_component_ref idref="oc-83"/>
      </symbol>
      <symbol id="sm-2dd">
         <name>accel_x</name>
         <value>0x200042c4</value>
         <object_component_ref idref="oc-83"/>
      </symbol>
      <symbol id="sm-2de">
         <name>accel_z</name>
         <value>0x200042c8</value>
         <object_component_ref idref="oc-83"/>
      </symbol>
      <symbol id="sm-2df">
         <name>setMotor1Pos</name>
         <value>0x281</value>
         <object_component_ref idref="oc-2d"/>
      </symbol>
      <symbol id="sm-2e0">
         <name>time2Index</name>
         <value>0x20004275</value>
         <object_component_ref idref="oc-83"/>
      </symbol>
      <symbol id="sm-2e1">
         <name>time1Index</name>
         <value>0x20004274</value>
         <object_component_ref idref="oc-83"/>
      </symbol>
      <symbol id="sm-2e2">
         <name>gyro_x_float</name>
         <value>0x200042dc</value>
         <object_component_ref idref="oc-83"/>
      </symbol>
      <symbol id="sm-2e3">
         <name>deadBand</name>
         <value>0x200042b8</value>
         <object_component_ref idref="oc-83"/>
      </symbol>
      <symbol id="sm-2e4">
         <name>time1</name>
         <value>0x20004264</value>
         <object_component_ref idref="oc-83"/>
      </symbol>
      <symbol id="sm-2e5">
         <name>time2</name>
         <value>0x20004268</value>
         <object_component_ref idref="oc-83"/>
      </symbol>
      <symbol id="sm-2e6">
         <name>readGyro</name>
         <value>0x609</value>
         <object_component_ref idref="oc-2d"/>
      </symbol>
      <symbol id="sm-2e7">
         <name>integral</name>
         <value>0x200042a8</value>
         <object_component_ref idref="oc-83"/>
      </symbol>
      <symbol id="sm-2e8">
         <name>correctedX</name>
         <value>0x20004318</value>
         <object_component_ref idref="oc-83"/>
      </symbol>
      <symbol id="sm-2e9">
         <name>correctedY</name>
         <value>0x20004320</value>
         <object_component_ref idref="oc-83"/>
      </symbol>
      <symbol id="sm-2ea">
         <name>correctedZ</name>
         <value>0x20004328</value>
         <object_component_ref idref="oc-83"/>
      </symbol>
      <symbol id="sm-2eb">
         <name>value1</name>
         <value>0x20004368</value>
         <object_component_ref idref="oc-83"/>
      </symbol>
      <symbol id="sm-2ec">
         <name>value2</name>
         <value>0x2000436c</value>
         <object_component_ref idref="oc-83"/>
      </symbol>
      <symbol id="sm-2ed">
         <name>main</name>
         <value>0x154d</value>
         <object_component_ref idref="oc-2d"/>
      </symbol>
      <symbol id="sm-2ee">
         <name>setMotor1Neg</name>
         <value>0x26d</value>
         <object_component_ref idref="oc-2d"/>
      </symbol>
      <symbol id="sm-2ef">
         <name>accel_z_float</name>
         <value>0x200042d8</value>
         <object_component_ref idref="oc-83"/>
      </symbol>
      <symbol id="sm-2f0">
         <name>wideTimer1Isr</name>
         <value>0x1231</value>
         <object_component_ref idref="oc-2d"/>
      </symbol>
      <symbol id="sm-2f1">
         <name>enableTimers</name>
         <value>0x2bd</value>
         <object_component_ref idref="oc-2d"/>
      </symbol>
      <symbol id="sm-2f2">
         <name>irIndex</name>
         <value>0x2000425c</value>
         <object_component_ref idref="oc-83"/>
      </symbol>
      <symbol id="sm-2f3">
         <name>ySetPoint</name>
         <value>0x20004290</value>
         <object_component_ref idref="oc-83"/>
      </symbol>
      <symbol id="sm-2f4">
         <name>gyro_y_float</name>
         <value>0x200042e0</value>
         <object_component_ref idref="oc-83"/>
      </symbol>
      <symbol id="sm-2f5">
         <name>T2_avg_bits</name>
         <value>0x2000427c</value>
         <object_component_ref idref="oc-83"/>
      </symbol>
      <symbol id="sm-2f6">
         <name>roll</name>
         <value>0x20004338</value>
         <object_component_ref idref="oc-83"/>
      </symbol>
      <symbol id="sm-2f7">
         <name>avgBiasZ</name>
         <value>0x20004310</value>
         <object_component_ref idref="oc-83"/>
      </symbol>
      <symbol id="sm-2f8">
         <name>avgBiasY</name>
         <value>0x20004308</value>
         <object_component_ref idref="oc-83"/>
      </symbol>
      <symbol id="sm-2f9">
         <name>avgBiasX</name>
         <value>0x20004300</value>
         <object_component_ref idref="oc-83"/>
      </symbol>
      <symbol id="sm-2fa">
         <name>deadBand2</name>
         <value>0x200042bc</value>
         <object_component_ref idref="oc-83"/>
      </symbol>
      <symbol id="sm-2fb">
         <name>confidence</name>
         <value>0x20004348</value>
         <object_component_ref idref="oc-83"/>
      </symbol>
      <symbol id="sm-2fc">
         <name>thetaXGyro</name>
         <value>0x20004340</value>
         <object_component_ref idref="oc-83"/>
      </symbol>
      <symbol id="sm-2fd">
         <name>count</name>
         <value>0x20004250</value>
         <object_component_ref idref="oc-83"/>
      </symbol>
      <symbol id="sm-2fe">
         <name>sumZ</name>
         <value>0x200042f8</value>
         <object_component_ref idref="oc-83"/>
      </symbol>
      <symbol id="sm-2ff">
         <name>sumY</name>
         <value>0x200042f0</value>
         <object_component_ref idref="oc-83"/>
      </symbol>
      <symbol id="sm-300">
         <name>sumX</name>
         <value>0x200042e8</value>
         <object_component_ref idref="oc-83"/>
      </symbol>
      <symbol id="sm-301">
         <name>sum2</name>
         <value>0x20004270</value>
         <object_component_ref idref="oc-83"/>
      </symbol>
      <symbol id="sm-302">
         <name>sum1</name>
         <value>0x2000426c</value>
         <object_component_ref idref="oc-83"/>
      </symbol>
      <symbol id="sm-303">
         <name>pidIsr2</name>
         <value>0x931</value>
         <object_component_ref idref="oc-2d"/>
      </symbol>
      <symbol id="sm-304">
         <name>gyro_z_float</name>
         <value>0x200042e4</value>
         <object_component_ref idref="oc-83"/>
      </symbol>
      <symbol id="sm-305">
         <name>T1_avg_bits</name>
         <value>0x20004278</value>
         <object_component_ref idref="oc-83"/>
      </symbol>
      <symbol id="sm-306">
         <name>T1_avg</name>
         <value>0x20004280</value>
         <object_component_ref idref="oc-83"/>
      </symbol>
      <symbol id="sm-307">
         <name>gyro_y_ang</name>
         <value>0x20004378</value>
         <object_component_ref idref="oc-83"/>
      </symbol>
      <symbol id="sm-308">
         <name>iMax</name>
         <value>0x200042ac</value>
         <object_component_ref idref="oc-83"/>
      </symbol>
      <symbol id="sm-309">
         <name>accel_y_float</name>
         <value>0x200042d4</value>
         <object_component_ref idref="oc-83"/>
      </symbol>
      <symbol id="sm-30a">
         <name>setMotor2Pos</name>
         <value>0x295</value>
         <object_component_ref idref="oc-2d"/>
      </symbol>
      <symbol id="sm-30b">
         <name>u_high</name>
         <value>0x20004288</value>
         <object_component_ref idref="oc-83"/>
      </symbol>
      <symbol id="sm-30c">
         <name>T2_avg</name>
         <value>0x20004284</value>
         <object_component_ref idref="oc-83"/>
      </symbol>
      <symbol id="sm-30d">
         <name>signal</name>
         <value>0x20004260</value>
         <object_component_ref idref="oc-83"/>
      </symbol>
      <symbol id="sm-32b">
         <name>ResetISR</name>
         <value>0x468b</value>
         <object_component_ref idref="oc-27"/>
      </symbol>
      <symbol id="sm-32c">
         <name>g_pfnVectors</name>
         <value>0x0</value>
         <object_component_ref idref="oc-12"/>
      </symbol>
      <symbol id="sm-34f">
         <name>getcUart0</name>
         <value>0x3a93</value>
         <object_component_ref idref="oc-74"/>
      </symbol>
      <symbol id="sm-350">
         <name>kbhitUart0</name>
         <value>0x3aa7</value>
         <object_component_ref idref="oc-74"/>
      </symbol>
      <symbol id="sm-351">
         <name>setUart0BaudRate</name>
         <value>0x3a07</value>
         <object_component_ref idref="oc-74"/>
      </symbol>
      <symbol id="sm-352">
         <name>putsUart0</name>
         <value>0x3a67</value>
         <object_component_ref idref="oc-74"/>
      </symbol>
      <symbol id="sm-353">
         <name>initUart0</name>
         <value>0x39bd</value>
         <object_component_ref idref="oc-74"/>
      </symbol>
      <symbol id="sm-354">
         <name>putcUart0</name>
         <value>0x3a4b</value>
         <object_component_ref idref="oc-74"/>
      </symbol>
      <symbol id="sm-362">
         <name>waitMicrosecond</name>
         <value>0x45a7</value>
         <object_component_ref idref="oc-b4"/>
      </symbol>
      <symbol id="sm-3a6">
         <name>atan2</name>
         <value>0x31dd</value>
         <object_component_ref idref="oc-91"/>
      </symbol>
      <symbol id="sm-3a7">
         <name>atan2l</name>
         <value>0x31dd</value>
         <object_component_ref idref="oc-91"/>
      </symbol>
      <symbol id="sm-3dd">
         <name>atanl</name>
         <value>0x2c81</value>
         <object_component_ref idref="oc-133"/>
      </symbol>
      <symbol id="sm-3de">
         <name>atan</name>
         <value>0x2c81</value>
         <object_component_ref idref="oc-133"/>
      </symbol>
      <symbol id="sm-405">
         <name>sprintf</name>
         <value>0x448d</value>
         <object_component_ref idref="oc-7a"/>
      </symbol>
      <symbol id="sm-41c">
         <name>__aeabi_dsub</name>
         <value>0x3591</value>
         <object_component_ref idref="oc-a7"/>
      </symbol>
      <symbol id="sm-41d">
         <name>__aeabi_dadd</name>
         <value>0x359b</value>
         <object_component_ref idref="oc-a7"/>
      </symbol>
      <symbol id="sm-43f">
         <name>__aeabi_cdcmpeq</name>
         <value>0x3ff9</value>
         <object_component_ref idref="oc-1b1"/>
      </symbol>
      <symbol id="sm-440">
         <name>__aeabi_cdcmple</name>
         <value>0x3ff9</value>
         <object_component_ref idref="oc-1b1"/>
      </symbol>
      <symbol id="sm-441">
         <name>__aeabi_cdrcmple</name>
         <value>0x407f</value>
         <object_component_ref idref="oc-1f3"/>
      </symbol>
      <symbol id="sm-455">
         <name>__aeabi_ddiv</name>
         <value>0x3885</value>
         <object_component_ref idref="oc-9c"/>
      </symbol>
      <symbol id="sm-460">
         <name>__aeabi_dmul</name>
         <value>0x3d19</value>
         <object_component_ref idref="oc-97"/>
      </symbol>
      <symbol id="sm-46a">
         <name>__aeabi_d2iz</name>
         <value>0x4401</value>
         <object_component_ref idref="oc-ad"/>
      </symbol>
      <symbol id="sm-475">
         <name>__aeabi_f2d</name>
         <value>0x450b</value>
         <object_component_ref idref="oc-8c"/>
      </symbol>
      <symbol id="sm-47f">
         <name>__aeabi_i2d</name>
         <value>0x4579</value>
         <object_component_ref idref="oc-a2"/>
      </symbol>
      <symbol id="sm-49a">
         <name>memcpy</name>
         <value>0x3ec7</value>
         <object_component_ref idref="oc-41"/>
      </symbol>
      <symbol id="sm-49b">
         <name>__aeabi_memcpy</name>
         <value>0x3ec7</value>
         <object_component_ref idref="oc-41"/>
      </symbol>
      <symbol id="sm-49c">
         <name>__aeabi_memcpy8</name>
         <value>0x3ec7</value>
         <object_component_ref idref="oc-41"/>
      </symbol>
      <symbol id="sm-49d">
         <name>__aeabi_memcpy4</name>
         <value>0x3ec7</value>
         <object_component_ref idref="oc-41"/>
      </symbol>
      <symbol id="sm-4b6">
         <name>__TI_zero_init_nomemset</name>
         <value>0x45c7</value>
         <object_component_ref idref="oc-4d"/>
      </symbol>
      <symbol id="sm-4cd">
         <name>__TI_decompress_none</name>
         <value>0x467d</value>
         <object_component_ref idref="oc-1b"/>
      </symbol>
      <symbol id="sm-4f0">
         <name>__TI_decompress_lzss</name>
         <value>0x41ed</value>
         <object_component_ref idref="oc-15"/>
      </symbol>
      <symbol id="sm-503">
         <name>__stack</name>
         <value>0x20000000</value>
         <object_component_ref idref="oc-24"/>
      </symbol>
      <symbol id="sm-504">
         <name>_c_int00_noargs</name>
         <value>0x4545</value>
         <object_component_ref idref="oc-5f"/>
      </symbol>
      <symbol id="sm-669">
         <name>__TI_printfi</name>
         <value>0x1665</value>
         <object_component_ref idref="oc-109"/>
      </symbol>
      <symbol id="sm-678">
         <name>__aeabi_memset</name>
         <value>0x4107</value>
         <object_component_ref idref="oc-ea"/>
      </symbol>
      <symbol id="sm-679">
         <name>memset</name>
         <value>0x410d</value>
         <object_component_ref idref="oc-ea"/>
      </symbol>
      <symbol id="sm-67a">
         <name>__aeabi_memset8</name>
         <value>0x4107</value>
         <object_component_ref idref="oc-ea"/>
      </symbol>
      <symbol id="sm-67b">
         <name>__aeabi_memset4</name>
         <value>0x4107</value>
         <object_component_ref idref="oc-ea"/>
      </symbol>
      <symbol id="sm-67c">
         <name>__aeabi_memclr8</name>
         <value>0x4105</value>
         <object_component_ref idref="oc-ea"/>
      </symbol>
      <symbol id="sm-67d">
         <name>__aeabi_memclr4</name>
         <value>0x4105</value>
         <object_component_ref idref="oc-ea"/>
      </symbol>
      <symbol id="sm-67e">
         <name>__aeabi_memclr</name>
         <value>0x4105</value>
         <object_component_ref idref="oc-ea"/>
      </symbol>
      <symbol id="sm-68b">
         <name>__aeabi_uldivmod</name>
         <value>0x3f63</value>
         <object_component_ref idref="oc-22e"/>
      </symbol>
      <symbol id="sm-6b3">
         <name>__TI_auto_init_nobinit_nopinit</name>
         <value>0x4449</value>
         <object_component_ref idref="oc-16b"/>
      </symbol>
      <symbol id="sm-6bd">
         <name>_system_pre_init</name>
         <value>0x46a9</value>
         <object_component_ref idref="oc-f0"/>
      </symbol>
      <symbol id="sm-6c9">
         <name>C$$EXIT</name>
         <value>0x46ad</value>
         <object_component_ref idref="oc-15f"/>
      </symbol>
      <symbol id="sm-6ca">
         <name>abort</name>
         <value>0x46ad</value>
         <object_component_ref idref="oc-15f"/>
      </symbol>
      <symbol id="sm-6da">
         <name>__TI_ltoa</name>
         <value>0x430f</value>
         <object_component_ref idref="oc-235"/>
      </symbol>
      <symbol id="sm-6f1">
         <name>atoi</name>
         <value>0x43b5</value>
         <object_component_ref idref="oc-1a5"/>
      </symbol>
      <symbol id="sm-6fc">
         <name>_ctypes_</name>
         <value>0x46b0</value>
         <object_component_ref idref="oc-229"/>
      </symbol>
      <symbol id="sm-70c">
         <name>memccpy</name>
         <value>0x45e3</value>
         <object_component_ref idref="oc-1ce"/>
      </symbol>
      <symbol id="sm-71c">
         <name>strchr</name>
         <value>0x4631</value>
         <object_component_ref idref="oc-262"/>
      </symbol>
      <symbol id="sm-72a">
         <name>strlen</name>
         <value>0x4647</value>
         <object_component_ref idref="oc-19f"/>
      </symbol>
      <symbol id="sm-740">
         <name>__aeabi_errno_addr</name>
         <value>0x46a1</value>
         <object_component_ref idref="oc-1da"/>
      </symbol>
      <symbol id="sm-741">
         <name>errno</name>
         <value>0x20004384</value>
         <object_component_ref idref="oc-272"/>
      </symbol>
      <symbol id="sm-75a">
         <name>wcslen</name>
         <value>0x465b</value>
         <object_component_ref idref="oc-1d4"/>
      </symbol>
      <symbol id="sm-77a">
         <name>frexpl</name>
         <value>0x4255</value>
         <object_component_ref idref="oc-256"/>
      </symbol>
      <symbol id="sm-77b">
         <name>frexp</name>
         <value>0x4255</value>
         <object_component_ref idref="oc-256"/>
      </symbol>
      <symbol id="sm-798">
         <name>scalbn</name>
         <value>0x3c09</value>
         <object_component_ref idref="oc-25c"/>
      </symbol>
      <symbol id="sm-799">
         <name>scalbnl</name>
         <value>0x3c09</value>
         <object_component_ref idref="oc-25c"/>
      </symbol>
      <symbol id="sm-79a">
         <name>ldexpl</name>
         <value>0x3c09</value>
         <object_component_ref idref="oc-25c"/>
      </symbol>
      <symbol id="sm-79b">
         <name>ldexp</name>
         <value>0x3c09</value>
         <object_component_ref idref="oc-25c"/>
      </symbol>
      <symbol id="sm-7a5">
         <name>__aeabi_idiv0</name>
         <value>0x20b3</value>
         <object_component_ref idref="oc-2b7"/>
      </symbol>
      <symbol id="sm-7a6">
         <name>__aeabi_ldiv0</name>
         <value>0x20b3</value>
         <object_component_ref idref="oc-2b7"/>
      </symbol>
      <symbol id="sm-7b0">
         <name>copysign</name>
         <value>0x45ff</value>
         <object_component_ref idref="oc-2ca"/>
      </symbol>
      <symbol id="sm-7b1">
         <name>copysignl</name>
         <value>0x45ff</value>
         <object_component_ref idref="oc-2ca"/>
      </symbol>
      <symbol id="sm-7b2">
         <name>__TI_static_base__</name>
         <value>0x0</value>
      </symbol>
      <symbol id="sm-7b5">
         <name>__mpu_init</name>
         <value>0x0</value>
      </symbol>
      <symbol id="sm-7b6">
         <name>_system_post_cinit</name>
         <value>0x0</value>
      </symbol>
   </symbol_table>
   <title>Link successful</title>
</link_info>
